Archive member included because of file (symbol)

..\libsdfsio.a(FSIO.o)        build/default/production/_ext/1472/z80.o (FSInit)
..\libsdfsio.a(SD-SPI.o)      build/default/production/_ext/1472/z80.o (MDD_SDSPI_MediaDetect)
c:/program files (x86)/microchip/xc32/v1.21/bin/../lib/gcc/pic32mx/4.5.2/../../../../pic32mx/lib/speed\libmchp_peripheral_32MX150F128B.a(int_enable_mv_int_lib.o)
                              build/default/production/_ext/1472/main.o (INTEnableSystemMultiVectoredInt)
c:/program files (x86)/microchip/xc32/v1.21/bin/../lib/gcc/pic32mx/4.5.2/../../../../pic32mx/lib/speed\libmchp_peripheral_32MX150F128B.a(int_enable_sv_int_lib.o)
                              build/default/production/_ext/1472/main.o (INTEnableSystemSingleVectoredInt)
c:/program files (x86)/microchip/xc32/v1.21/bin/../lib/gcc/pic32mx/4.5.2/../../../../pic32mx/lib/speed\libmchp_peripheral_32MX150F128B.a(spi_getc_spi2_lib_legacy.o)
                              ..\libsdfsio.a(SD-SPI.o) (getcSPI2)
c:/program files (x86)/microchip/xc32/v1.21/bin/../lib/gcc/pic32mx/4.5.2/../../../../pic32mx/lib/speed\libmchp_peripheral_32MX150F128B.a(spi_open_spi2_lib_legacy.o)
                              ..\libsdfsio.a(SD-SPI.o) (OpenSPI2)
c:/program files (x86)/microchip/xc32/v1.21/bin/../lib/gcc/pic32mx/4.5.2/../../../../pic32mx/lib/speed\libmchp_peripheral_32MX150F128B.a(spi_brg_tbl_lib_legacy.o)
                              c:/program files (x86)/microchip/xc32/v1.21/bin/../lib/gcc/pic32mx/4.5.2/../../../../pic32mx/lib/speed\libmchp_peripheral_32MX150F128B.a(spi_open_spi2_lib_legacy.o) (_SpiBrgConvTbl)
c:/program files (x86)/microchip/xc32/v1.21/bin/../lib/gcc/pic32mx/4.5.2/../../../../pic32mx/lib/speed\libmchp_peripheral_32MX150F128B.a(int_enable_interrupts_lib.o)
                              c:/program files (x86)/microchip/xc32/v1.21/bin/../lib/gcc/pic32mx/4.5.2/../../../../pic32mx/lib/speed\libmchp_peripheral_32MX150F128B.a(int_enable_mv_int_lib.o) (INTEnableInterrupts)
c:/program files (x86)/microchip/xc32/v1.21/bin/../lib/gcc/pic32mx/4.5.2/../../../../pic32mx/lib/speed\libpic32.a(memcpy.o)
                              ..\libsdfsio.a(SD-SPI.o) (memcpy)
c:/program files (x86)/microchip/xc32/v1.21/bin/../lib/gcc/pic32mx/4.5.2/../../../../pic32mx/lib/speed\libpic32.a(memset.o)
                              ..\libsdfsio.a(FSIO.o) (memset)
c:/program files (x86)/microchip/xc32/v1.21/bin/../lib/gcc/pic32mx/4.5.2/../../../../pic32mx/lib/speed\libpic32.a(strcpy.o)
                              ..\libsdfsio.a(FSIO.o) (strcpy)
c:/program files (x86)/microchip/xc32/v1.21/bin/../lib/gcc/pic32mx/4.5.2/../../../../pic32mx/lib/speed\libpic32.a(strlen.o)
                              ..\libsdfsio.a(FSIO.o) (strlen)
c:/program files (x86)/microchip/xc32/v1.21/bin/../lib/gcc/pic32mx/4.5.2/../../../../pic32mx/lib/speed\libpic32.a(default-bootstrap-exception-handler.o)
                              c:/program files (x86)/microchip/xc32/v1.21/bin/../lib/gcc/pic32mx/4.5.2/../../../../pic32mx/lib/speed/crt0.o (_bootstrap_exception_handler)
c:/program files (x86)/microchip/xc32/v1.21/bin/../lib/gcc/pic32mx/4.5.2/../../../../pic32mx/lib/speed\libpic32.a(default-on-reset.o)
                              c:/program files (x86)/microchip/xc32/v1.21/bin/../lib/gcc/pic32mx/4.5.2/../../../../pic32mx/lib/speed/crt0.o (_on_reset)
c:/program files (x86)/microchip/xc32/v1.21/bin/../lib/gcc/pic32mx/4.5.2/../../../../pic32mx/lib/speed\libpic32.a(default-on-bootstrap.o)
                              c:/program files (x86)/microchip/xc32/v1.21/bin/../lib/gcc/pic32mx/4.5.2/../../../../pic32mx/lib/speed/crt0.o (_on_bootstrap)
c:/program files (x86)/microchip/xc32/v1.21/bin/../lib/gcc/pic32mx/4.5.2/../../../../pic32mx/lib/speed\libpic32.a(default-nmi-handler.o)
                              c:/program files (x86)/microchip/xc32/v1.21/bin/../lib/gcc/pic32mx/4.5.2/../../../../pic32mx/lib/speed/crt0.o (_nmi_handler)
c:/program files (x86)/microchip/xc32/v1.21/bin/../lib/gcc/pic32mx/4.5.2/../../../../pic32mx/lib/speed\libpic32.a(general-exception.o)
                              c:/program files (x86)/microchip/xc32/v1.21/bin/../lib/gcc/pic32mx/4.5.2/../../../../pic32mx/lib/speed/crt0.o (_general_exception_context)
c:/program files (x86)/microchip/xc32/v1.21/bin/../lib/gcc/pic32mx/4.5.2/../../../../pic32mx/lib/speed\libpic32.a(vector0.o)
                              c:/program files (x86)/microchip/xc32/v1.21/bin/../lib/gcc/pic32mx/4.5.2/../../../../pic32mx/lib/./proc/32MX150F128B\default_isr_vectors.o (__vector_dispatch_0)
c:/program files (x86)/microchip/xc32/v1.21/bin/../lib/gcc/pic32mx/4.5.2/../../../../pic32mx/lib/speed\libpic32.a(vector1.o)
                              c:/program files (x86)/microchip/xc32/v1.21/bin/../lib/gcc/pic32mx/4.5.2/../../../../pic32mx/lib/./proc/32MX150F128B\default_isr_vectors.o (__vector_dispatch_1)
[...]
Memory Configuration

Name             Origin             Length             Attributes
kseg0_program_mem 0x9d000000         0x0001f000         xr
exception_mem    0x9d01f000         0x00001000
debug_exec_mem   0x9fc00490         0x00000760
kseg0_boot_mem   0x9fc00490         0x00000000
kseg1_boot_mem   0xbfc00000         0x00000490
config3          0xbfc00bf0         0x00000004
config2          0xbfc00bf4         0x00000004
config1          0xbfc00bf8         0x00000004
config0          0xbfc00bfc         0x00000004
kseg1_data_mem   0xa0000000         0x00008000         w !x
sfrs             0xbf800000         0x00100000
configsfrs       0xbfc00bf0         0x00000010
*default*        0x00000000         0xffffffff

Linker script and memory map

LOAD c:/program files (x86)/microchip/xc32/v1.21/bin/../lib/gcc/pic32mx/4.5.2/../../../../pic32mx/lib/speed/crt0.o
LOAD build/default/production/_ext/1472/led.o
LOAD build/default/production/_ext/1472/main.o
LOAD build/default/production/_ext/1472/z80.o
LOAD ..\libsdfsio.a
                0x00000001                __MPLAB_BUILD = 0x1
LOAD c:/program files (x86)/microchip/xc32/v1.21/bin/../lib/gcc/pic32mx/4.5.2/../../../../pic32mx/lib/./proc/32MX150F128B\default_isr_vectors.o
                0x00000400                PROVIDE (_min_stack_size, 0x400)
LOAD c:/program files (x86)/microchip/xc32/v1.21/bin/../lib/gcc/pic32mx/4.5.2/../../../../pic32mx/lib/./proc/32MX150F128B\processor.o
START GROUP
LOAD c:/program files (x86)/microchip/xc32/v1.21/bin/../lib/gcc/pic32mx/4.5.2/../../../../pic32mx/lib/speed\libmchp_peripheral.a
END GROUP
START GROUP
LOAD c:/program files (x86)/microchip/xc32/v1.21/bin/../lib/gcc/pic32mx/4.5.2/../../../../pic32mx/lib/speed\libmchp_peripheral_32MX150F128B.a
END GROUP
                0x00000001                PROVIDE (_vector_spacing, 0x1)
                0x9d01f000                _ebase_address = 0x9d01f000
                0xbfc00000                _RESET_ADDR = 0xbfc00000
                0xbfc00380                _BEV_EXCPT_ADDR = 0xbfc00380
                0xbfc00480                _DBG_EXCPT_ADDR = 0xbfc00480
                0x9fc00490                _DBG_CODE_ADDR = 0x9fc00490
                0x00000760                _DBG_CODE_SIZE = 0x760
                0x9d01f180                _GEN_EXCPT_ADDR = (_ebase_address + 0x180)

.config_BFC00BF0
                0xbfc00bf0        0x4
 *(.config_BFC00BF0)
 .config_BFC00BF0
                0xbfc00bf0        0x4 build/default/production/_ext/1472/main.o

.config_BFC00BF4
                0xbfc00bf4        0x4
 *(.config_BFC00BF4)
 .config_BFC00BF4
                0xbfc00bf4        0x4 build/default/production/_ext/1472/main.o

.config_BFC00BF8
                0xbfc00bf8        0x4
 *(.config_BFC00BF8)
 .config_BFC00BF8
                0xbfc00bf8        0x4 build/default/production/_ext/1472/main.o

.config_BFC00BFC
                0xbfc00bfc        0x4
 *(.config_BFC00BFC)
 .config_BFC00BFC
                0xbfc00bfc        0x4 build/default/production/_ext/1472/main.o
                0xbfc02000                PROVIDE (_DBG_CODE_ADDR, 0xbfc02000)
                0x00000ff0                PROVIDE (_DBG_CODE_SIZE, 0xff0)

.reset          0xbfc00000      0x1f4
 *(.reset)
 .reset         0xbfc00000       0x10 c:/program files (x86)/microchip/xc32/v1.21/bin/../lib/gcc/pic32mx/4.5.2/../../../../pic32mx/lib/speed/crt0.o
                0xbfc00000                _reset
 *(.reset.startup)
 .reset.startup
                0xbfc00010      0x1e4 c:/program files (x86)/microchip/xc32/v1.21/bin/../lib/gcc/pic32mx/4.5.2/../../../../pic32mx/lib/speed/crt0.o

.bev_excpt      0xbfc00380       0x10
 *(.bev_handler)
 .bev_handler   0xbfc00380       0x10 c:/program files (x86)/microchip/xc32/v1.21/bin/../lib/gcc/pic32mx/4.5.2/../../../../pic32mx/lib/speed/crt0.o

.dbg_excpt      0xbfc00480        0x0
                0xbfc00480                . = (. + DEFINED (_DEBUGGER)?0x8:0x0)

.dbg_code       0x9fc00490        0x0
                0x9fc00490                . = (. + DEFINED (_DEBUGGER)?_DBG_CODE_SIZE:0x0)

.app_excpt      0x9d01f180       0x10
 *(.gen_handler)
 .gen_handler   0x9d01f180       0x10 c:/program files (x86)/microchip/xc32/v1.21/bin/../lib/gcc/pic32mx/4.5.2/../../../../pic32mx/lib/speed/crt0.o

.vector_0       0x9d01f200        0x8
 *(.vector_0)
 .vector_0      0x9d01f200        0x8 c:/program files (x86)/microchip/xc32/v1.21/bin/../lib/gcc/pic32mx/4.5.2/../../../../pic32mx/lib/speed\libpic32.a(vector0.o)
                0x9d01f200                __vector_dispatch_0
                0x00000001                ASSERT (((_vector_spacing == 0x0) || (SIZEOF (.vector_0) <= (_vector_spacing << 0x5))), function at exception vector 0 too large)

.vector_1       0x9d01f220        0x8
 *(.vector_1)
 .vector_1      0x9d01f220        0x8 c:/program files (x86)/microchip/xc32/v1.21/bin/../lib/gcc/pic32mx/4.5.2/../../../../pic32mx/lib/speed\libpic32.a(vector1.o)
                0x9d01f220                __vector_dispatch_1
                0x00000001                ASSERT (((_vector_spacing == 0x0) || (SIZEOF (.vector_1) <= (_vector_spacing << 0x5))), function at exception vector 1 too large)

.vector_2       0x9d01f240        0x8
 *(.vector_2)
 .vector_2      0x9d01f240        0x8 c:/program files (x86)/microchip/xc32/v1.21/bin/../lib/gcc/pic32mx/4.5.2/../../../../pic32mx/lib/speed\libpic32.a(vector2.o)
                0x9d01f240                __vector_dispatch_2
                0x00000001                ASSERT (((_vector_spacing == 0x0) || (SIZEOF (.vector_2) <= (_vector_spacing << 0x5))), function at exception vector 2 too large)

.vector_3       0x9d01f260        0x8
 *(.vector_3)
 .vector_3      0x9d01f260        0x8 c:/program files (x86)/microchip/xc32/v1.21/bin/../lib/gcc/pic32mx/4.5.2/../../../../pic32mx/lib/speed\libpic32.a(vector3.o)
                0x9d01f260                __vector_dispatch_3
                0x00000001                ASSERT (((_vector_spacing == 0x0) || (SIZEOF (.vector_3) <= (_vector_spacing << 0x5))), function at exception vector 3 too large)

.vector_4       0x9d01f280        0x8
 *(.vector_4)
 .vector_4      0x9d01f280        0x8 build/default/production/_ext/1472/led.o
                0x9d01f280                __vector_dispatch_4
                0x00000001                ASSERT (((_vector_spacing == 0x0) || (SIZEOF (.vector_4) <= (_vector_spacing << 0x5))), function at exception vector 4 too large)

.vector_5       0x9d01f2a0        0x8
 *(.vector_5)
 .vector_5      0x9d01f2a0        0x8 c:/program files (x86)/microchip/xc32/v1.21/bin/../lib/gcc/pic32mx/4.5.2/../../../../pic32mx/lib/speed\libpic32.a(vector5.o)
                0x9d01f2a0                __vector_dispatch_5
                0x00000001                ASSERT (((_vector_spacing == 0x0) || (SIZEOF (.vector_5) <= (_vector_spacing << 0x5))), function at exception vector 5 too large)

.vector_6       0x9d01f2c0        0x8
 *(.vector_6)
 .vector_6      0x9d01f2c0        0x8 c:/program files (x86)/microchip/xc32/v1.21/bin/../lib/gcc/pic32mx/4.5.2/../../../../pic32mx/lib/speed\libpic32.a(vector6.o)
                0x9d01f2c0                __vector_dispatch_6
                0x00000001                ASSERT (((_vector_spacing == 0x0) || (SIZEOF (.vector_6) <= (_vector_spacing << 0x5))), function at exception vector 6 too large)

.vector_7       0x9d01f2e0        0x8
 *(.vector_7)
 .vector_7      0x9d01f2e0        0x8 c:/program files (x86)/microchip/xc32/v1.21/bin/../lib/gcc/pic32mx/4.5.2/../../../../pic32mx/lib/speed\libpic32.a(vector7.o)
                0x9d01f2e0                __vector_dispatch_7
                0x00000001                ASSERT (((_vector_spacing == 0x0) || (SIZEOF (.vector_7) <= (_vector_spacing << 0x5))), function at exception vector 7 too large)

.vector_8       0x9d01f300        0x8
 *(.vector_8)
 .vector_8      0x9d01f300        0x8 c:/program files (x86)/microchip/xc32/v1.21/bin/../lib/gcc/pic32mx/4.5.2/../../../../pic32mx/lib/speed\libpic32.a(vector8.o)
                0x9d01f300                __vector_dispatch_8
                0x00000001                ASSERT (((_vector_spacing == 0x0) || (SIZEOF (.vector_8) <= (_vector_spacing << 0x5))), function at exception vector 8 too large)

.vector_9       0x9d01f320        0x8
 *(.vector_9)
 .vector_9      0x9d01f320        0x8 c:/program files (x86)/microchip/xc32/v1.21/bin/../lib/gcc/pic32mx/4.5.2/../../../../pic32mx/lib/speed\libpic32.a(vector9.o)
                0x9d01f320                __vector_dispatch_9
                0x00000001                ASSERT (((_vector_spacing == 0x0) || (SIZEOF (.vector_9) <= (_vector_spacing << 0x5))), function at exception vector 9 too large)

.vector_10      0x9d01f340        0x8
 *(.vector_10)
 .vector_10     0x9d01f340        0x8 c:/program files (x86)/microchip/xc32/v1.21/bin/../lib/gcc/pic32mx/4.5.2/../../../../pic32mx/lib/speed\libpic32.a(vector10.o)
                0x9d01f340                __vector_dispatch_10
                0x00000001                ASSERT (((_vector_spacing == 0x0) || (SIZEOF (.vector_10) <= (_vector_spacing << 0x5))), function at exception vector 10 too large)

.vector_11      0x9d01f360        0x8
 *(.vector_11)
 .vector_11     0x9d01f360        0x8 c:/program files (x86)/microchip/xc32/v1.21/bin/../lib/gcc/pic32mx/4.5.2/../../../../pic32mx/lib/speed\libpic32.a(vector11.o)
                0x9d01f360                __vector_dispatch_11
                0x00000001                ASSERT (((_vector_spacing == 0x0) || (SIZEOF (.vector_11) <= (_vector_spacing << 0x5))), function at exception vector 11 too large)

.vector_12      0x9d01f380        0x8
 *(.vector_12)
 .vector_12     0x9d01f380        0x8 c:/program files (x86)/microchip/xc32/v1.21/bin/../lib/gcc/pic32mx/4.5.2/../../../../pic32mx/lib/speed\libpic32.a(vector12.o)
                0x9d01f380                __vector_dispatch_12
                0x00000001                ASSERT (((_vector_spacing == 0x0) || (SIZEOF (.vector_12) <= (_vector_spacing << 0x5))), function at exception vector 12 too large)

.vector_13      0x9d01f3a0        0x8
 *(.vector_13)
 .vector_13     0x9d01f3a0        0x8 c:/program files (x86)/microchip/xc32/v1.21/bin/../lib/gcc/pic32mx/4.5.2/../../../../pic32mx/lib/speed\libpic32.a(vector13.o)
                0x9d01f3a0                __vector_dispatch_13
                0x00000001                ASSERT (((_vector_spacing == 0x0) || (SIZEOF (.vector_13) <= (_vector_spacing << 0x5))), function at exception vector 13 too large)

.vector_14      0x9d01f3c0        0x8
 *(.vector_14)
 .vector_14     0x9d01f3c0        0x8 c:/program files (x86)/microchip/xc32/v1.21/bin/../lib/gcc/pic32mx/4.5.2/../../../../pic32mx/lib/speed\libpic32.a(vector14.o)
                0x9d01f3c0                __vector_dispatch_14
                0x00000001                ASSERT (((_vector_spacing == 0x0) || (SIZEOF (.vector_14) <= (_vector_spacing << 0x5))), function at exception vector 14 too large)

.vector_15      0x9d01f3e0        0x8
 *(.vector_15)
 .vector_15     0x9d01f3e0        0x8 c:/program files (x86)/microchip/xc32/v1.21/bin/../lib/gcc/pic32mx/4.5.2/../../../../pic32mx/lib/speed\libpic32.a(vector15.o)
                0x9d01f3e0                __vector_dispatch_15
                0x00000001                ASSERT (((_vector_spacing == 0x0) || (SIZEOF (.vector_15) <= (_vector_spacing << 0x5))), function at exception vector 15 too large)

.vector_16      0x9d01f400        0x8
 *(.vector_16)
 .vector_16     0x9d01f400        0x8 c:/program files (x86)/microchip/xc32/v1.21/bin/../lib/gcc/pic32mx/4.5.2/../../../../pic32mx/lib/speed\libpic32.a(vector16.o)
                0x9d01f400                __vector_dispatch_16
                0x00000001                ASSERT (((_vector_spacing == 0x0) || (SIZEOF (.vector_16) <= (_vector_spacing << 0x5))), function at exception vector 16 too large)

.vector_17      0x9d01f420        0x8
 *(.vector_17)
 .vector_17     0x9d01f420        0x8 c:/program files (x86)/microchip/xc32/v1.21/bin/../lib/gcc/pic32mx/4.5.2/../../../../pic32mx/lib/speed\libpic32.a(vector17.o)
                0x9d01f420                __vector_dispatch_17
                0x00000001                ASSERT (((_vector_spacing == 0x0) || (SIZEOF (.vector_17) <= (_vector_spacing << 0x5))), function at exception vector 17 too large)

.vector_18      0x9d01f440        0x8
 *(.vector_18)
 .vector_18     0x9d01f440        0x8 c:/program files (x86)/microchip/xc32/v1.21/bin/../lib/gcc/pic32mx/4.5.2/../../../../pic32mx/lib/speed\libpic32.a(vector18.o)
                0x9d01f440                __vector_dispatch_18
                0x00000001                ASSERT (((_vector_spacing == 0x0) || (SIZEOF (.vector_18) <= (_vector_spacing << 0x5))), function at exception vector 18 too large)

.vector_19      0x9d01f460        0x8
 *(.vector_19)
 .vector_19     0x9d01f460        0x8 c:/program files (x86)/microchip/xc32/v1.21/bin/../lib/gcc/pic32mx/4.5.2/../../../../pic32mx/lib/speed\libpic32.a(vector19.o)
                0x9d01f460                __vector_dispatch_19
                0x00000001                ASSERT (((_vector_spacing == 0x0) || (SIZEOF (.vector_19) <= (_vector_spacing << 0x5))), function at exception vector 19 too large)

.vector_20      0x9d01f480        0x8
 *(.vector_20)
 .vector_20     0x9d01f480        0x8 c:/program files (x86)/microchip/xc32/v1.21/bin/../lib/gcc/pic32mx/4.5.2/../../../../pic32mx/lib/speed\libpic32.a(vector20.o)
                0x9d01f480                __vector_dispatch_20
                0x00000001                ASSERT (((_vector_spacing == 0x0) || (SIZEOF (.vector_20) <= (_vector_spacing << 0x5))), function at exception vector 20 too large)

.vector_21      0x9d01f4a0        0x8
 *(.vector_21)
 .vector_21     0x9d01f4a0        0x8 c:/program files (x86)/microchip/xc32/v1.21/bin/../lib/gcc/pic32mx/4.5.2/../../../../pic32mx/lib/speed\libpic32.a(vector21.o)
                0x9d01f4a0                __vector_dispatch_21
                0x00000001                ASSERT (((_vector_spacing == 0x0) || (SIZEOF (.vector_21) <= (_vector_spacing << 0x5))), function at exception vector 21 too large)

.vector_22      0x9d01f4c0        0x8
 *(.vector_22)
 .vector_22     0x9d01f4c0        0x8 c:/program files (x86)/microchip/xc32/v1.21/bin/../lib/gcc/pic32mx/4.5.2/../../../../pic32mx/lib/speed\libpic32.a(vector22.o)
                0x9d01f4c0                __vector_dispatch_22
                0x00000001                ASSERT (((_vector_spacing == 0x0) || (SIZEOF (.vector_22) <= (_vector_spacing << 0x5))), function at exception vector 22 too large)

.vector_23      0x9d01f4e0        0x8
 *(.vector_23)
 .vector_23     0x9d01f4e0        0x8 c:/program files (x86)/microchip/xc32/v1.21/bin/../lib/gcc/pic32mx/4.5.2/../../../../pic32mx/lib/speed\libpic32.a(vector23.o)
                0x9d01f4e0                __vector_dispatch_23
                0x00000001                ASSERT (((_vector_spacing == 0x0) || (SIZEOF (.vector_23) <= (_vector_spacing << 0x5))), function at exception vector 23 too large)

.vector_24      0x9d01f500        0x8
 *(.vector_24)
 .vector_24     0x9d01f500        0x8 c:/program files (x86)/microchip/xc32/v1.21/bin/../lib/gcc/pic32mx/4.5.2/../../../../pic32mx/lib/speed\libpic32.a(vector24.o)
                0x9d01f500                __vector_dispatch_24
                0x00000001                ASSERT (((_vector_spacing == 0x0) || (SIZEOF (.vector_24) <= (_vector_spacing << 0x5))), function at exception vector 24 too large)

.vector_25      0x9d01f520        0x8
 *(.vector_25)
 .vector_25     0x9d01f520        0x8 c:/program files (x86)/microchip/xc32/v1.21/bin/../lib/gcc/pic32mx/4.5.2/../../../../pic32mx/lib/speed\libpic32.a(vector25.o)
                0x9d01f520                __vector_dispatch_25
                0x00000001                ASSERT (((_vector_spacing == 0x0) || (SIZEOF (.vector_25) <= (_vector_spacing << 0x5))), function at exception vector 25 too large)

.vector_26      0x9d01f540        0x8
 *(.vector_26)
 .vector_26     0x9d01f540        0x8 c:/program files (x86)/microchip/xc32/v1.21/bin/../lib/gcc/pic32mx/4.5.2/../../../../pic32mx/lib/speed\libpic32.a(vector26.o)
                0x9d01f540                __vector_dispatch_26
                0x00000001                ASSERT (((_vector_spacing == 0x0) || (SIZEOF (.vector_26) <= (_vector_spacing << 0x5))), function at exception vector 26 too large)

.vector_27      0x9d01f560        0x8
 *(.vector_27)
 .vector_27     0x9d01f560        0x8 c:/program files (x86)/microchip/xc32/v1.21/bin/../lib/gcc/pic32mx/4.5.2/../../../../pic32mx/lib/speed\libpic32.a(vector27.o)
                0x9d01f560                __vector_dispatch_27
                0x00000001                ASSERT (((_vector_spacing == 0x0) || (SIZEOF (.vector_27) <= (_vector_spacing << 0x5))), function at exception vector 27 too large)

.vector_28      0x9d01f580        0x8
 *(.vector_28)
 .vector_28     0x9d01f580        0x8 c:/program files (x86)/microchip/xc32/v1.21/bin/../lib/gcc/pic32mx/4.5.2/../../../../pic32mx/lib/speed\libpic32.a(vector28.o)
                0x9d01f580                __vector_dispatch_28
                0x00000001                ASSERT (((_vector_spacing == 0x0) || (SIZEOF (.vector_28) <= (_vector_spacing << 0x5))), function at exception vector 28 too large)

.vector_29      0x9d01f5a0        0x8
 *(.vector_29)
 .vector_29     0x9d01f5a0        0x8 c:/program files (x86)/microchip/xc32/v1.21/bin/../lib/gcc/pic32mx/4.5.2/../../../../pic32mx/lib/speed\libpic32.a(vector29.o)
                0x9d01f5a0                __vector_dispatch_29
                0x00000001                ASSERT (((_vector_spacing == 0x0) || (SIZEOF (.vector_29) <= (_vector_spacing << 0x5))), function at exception vector 29 too large)

.vector_30      0x9d01f5c0        0x8
 *(.vector_30)
 .vector_30     0x9d01f5c0        0x8 c:/program files (x86)/microchip/xc32/v1.21/bin/../lib/gcc/pic32mx/4.5.2/../../../../pic32mx/lib/speed\libpic32.a(vector30.o)
                0x9d01f5c0                __vector_dispatch_30
                0x00000001                ASSERT (((_vector_spacing == 0x0) || (SIZEOF (.vector_30) <= (_vector_spacing << 0x5))), function at exception vector 30 too large)

.vector_31      0x9d01f5e0        0x8
 *(.vector_31)
 .vector_31     0x9d01f5e0        0x8 c:/program files (x86)/microchip/xc32/v1.21/bin/../lib/gcc/pic32mx/4.5.2/../../../../pic32mx/lib/speed\libpic32.a(vector31.o)
                0x9d01f5e0                __vector_dispatch_31
                0x00000001                ASSERT (((_vector_spacing == 0x0) || (SIZEOF (.vector_31) <= (_vector_spacing << 0x5))), function at exception vector 31 too large)

.vector_32      0x9d01f600        0x8
 *(.vector_32)
 .vector_32     0x9d01f600        0x8 c:/program files (x86)/microchip/xc32/v1.21/bin/../lib/gcc/pic32mx/4.5.2/../../../../pic32mx/lib/speed\libpic32.a(vector32.o)
                0x9d01f600                __vector_dispatch_32
                0x00000001                ASSERT (((_vector_spacing == 0x0) || (SIZEOF (.vector_32) <= (_vector_spacing << 0x5))), function at exception vector 32 too large)

.vector_33      0x9d01f620        0x8
 *(.vector_33)
 .vector_33     0x9d01f620        0x8 c:/program files (x86)/microchip/xc32/v1.21/bin/../lib/gcc/pic32mx/4.5.2/../../../../pic32mx/lib/speed\libpic32.a(vector33.o)
                0x9d01f620                __vector_dispatch_33
                0x00000001                ASSERT (((_vector_spacing == 0x0) || (SIZEOF (.vector_33) <= (_vector_spacing << 0x5))), function at exception vector 33 too large)

.vector_34      0x9d01f640        0x8
 *(.vector_34)
 .vector_34     0x9d01f640        0x8 c:/program files (x86)/microchip/xc32/v1.21/bin/../lib/gcc/pic32mx/4.5.2/../../../../pic32mx/lib/speed\libpic32.a(vector34.o)
                0x9d01f640                __vector_dispatch_34
                0x00000001                ASSERT (((_vector_spacing == 0x0) || (SIZEOF (.vector_34) <= (_vector_spacing << 0x5))), function at exception vector 34 too large)

.vector_35      0x9d01f660        0x8
 *(.vector_35)
 .vector_35     0x9d01f660        0x8 c:/program files (x86)/microchip/xc32/v1.21/bin/../lib/gcc/pic32mx/4.5.2/../../../../pic32mx/lib/speed\libpic32.a(vector35.o)
                0x9d01f660                __vector_dispatch_35
                0x00000001                ASSERT (((_vector_spacing == 0x0) || (SIZEOF (.vector_35) <= (_vector_spacing << 0x5))), function at exception vector 35 too large)

.vector_36      0x9d01f680        0x8
 *(.vector_36)
 .vector_36     0x9d01f680        0x8 c:/program files (x86)/microchip/xc32/v1.21/bin/../lib/gcc/pic32mx/4.5.2/../../../../pic32mx/lib/speed\libpic32.a(vector36.o)
                0x9d01f680                __vector_dispatch_36
                0x00000001                ASSERT (((_vector_spacing == 0x0) || (SIZEOF (.vector_36) <= (_vector_spacing << 0x5))), function at exception vector 36 too large)

.vector_37      0x9d01f6a0        0x8
 *(.vector_37)
 .vector_37     0x9d01f6a0        0x8 c:/program files (x86)/microchip/xc32/v1.21/bin/../lib/gcc/pic32mx/4.5.2/../../../../pic32mx/lib/speed\libpic32.a(vector37.o)
                0x9d01f6a0                __vector_dispatch_37
                0x00000001                ASSERT (((_vector_spacing == 0x0) || (SIZEOF (.vector_37) <= (_vector_spacing << 0x5))), function at exception vector 37 too large)

.vector_38      0x9d01f6c0        0x8
 *(.vector_38)
 .vector_38     0x9d01f6c0        0x8 c:/program files (x86)/microchip/xc32/v1.21/bin/../lib/gcc/pic32mx/4.5.2/../../../../pic32mx/lib/speed\libpic32.a(vector38.o)
                0x9d01f6c0                __vector_dispatch_38
                0x00000001                ASSERT (((_vector_spacing == 0x0) || (SIZEOF (.vector_38) <= (_vector_spacing << 0x5))), function at exception vector 38 too large)

.vector_39      0x9d01f6e0        0x8
 *(.vector_39)
 .vector_39     0x9d01f6e0        0x8 c:/program files (x86)/microchip/xc32/v1.21/bin/../lib/gcc/pic32mx/4.5.2/../../../../pic32mx/lib/speed\libpic32.a(vector39.o)
                0x9d01f6e0                __vector_dispatch_39
                0x00000001                ASSERT (((_vector_spacing == 0x0) || (SIZEOF (.vector_39) <= (_vector_spacing << 0x5))), function at exception vector 39 too large)

.vector_40      0x9d01f700        0x8
 *(.vector_40)
 .vector_40     0x9d01f700        0x8 c:/program files (x86)/microchip/xc32/v1.21/bin/../lib/gcc/pic32mx/4.5.2/../../../../pic32mx/lib/speed\libpic32.a(vector40.o)
                0x9d01f700                __vector_dispatch_40
                0x00000001                ASSERT (((_vector_spacing == 0x0) || (SIZEOF (.vector_40) <= (_vector_spacing << 0x5))), function at exception vector 40 too large)

.vector_41      0x9d01f720        0x8
 *(.vector_41)
 .vector_41     0x9d01f720        0x8 c:/program files (x86)/microchip/xc32/v1.21/bin/../lib/gcc/pic32mx/4.5.2/../../../../pic32mx/lib/speed\libpic32.a(vector41.o)
                0x9d01f720                __vector_dispatch_41
                0x00000001                ASSERT (((_vector_spacing == 0x0) || (SIZEOF (.vector_41) <= (_vector_spacing << 0x5))), function at exception vector 41 too large)

.vector_42      0x9d01f740        0x8
 *(.vector_42)
 .vector_42     0x9d01f740        0x8 c:/program files (x86)/microchip/xc32/v1.21/bin/../lib/gcc/pic32mx/4.5.2/../../../../pic32mx/lib/speed\libpic32.a(vector42.o)
                0x9d01f740                __vector_dispatch_42
                0x00000001                ASSERT (((_vector_spacing == 0x0) || (SIZEOF (.vector_42) <= (_vector_spacing << 0x5))), function at exception vector 42 too large)

.vector_43      0x9d01f760        0x8
 *(.vector_43)
 .vector_43     0x9d01f760        0x8 c:/program files (x86)/microchip/xc32/v1.21/bin/../lib/gcc/pic32mx/4.5.2/../../../../pic32mx/lib/speed\libpic32.a(vector43.o)
                0x9d01f760                __vector_dispatch_43
                0x00000001                ASSERT (((_vector_spacing == 0x0) || (SIZEOF (.vector_43) <= (_vector_spacing << 0x5))), function at exception vector 43 too large)

.vector_44      0x9d01f780        0x8
 *(.vector_44)
 .vector_44     0x9d01f780        0x8 c:/program files (x86)/microchip/xc32/v1.21/bin/../lib/gcc/pic32mx/4.5.2/../../../../pic32mx/lib/speed\libpic32.a(vector44.o)
                0x9d01f780                __vector_dispatch_44
                0x00000001                ASSERT (((_vector_spacing == 0x0) || (SIZEOF (.vector_44) <= (_vector_spacing << 0x5))), function at exception vector 44 too large)

.vector_45      0x9d01f7a0        0x8
 *(.vector_45)
 .vector_45     0x9d01f7a0        0x8 c:/program files (x86)/microchip/xc32/v1.21/bin/../lib/gcc/pic32mx/4.5.2/../../../../pic32mx/lib/speed\libpic32.a(vector45.o)
                0x9d01f7a0                __vector_dispatch_45
                0x00000001                ASSERT (((_vector_spacing == 0x0) || (SIZEOF (.vector_45) <= (_vector_spacing << 0x5))), function at exception vector 45 too large)

.vector_46      0x9d01f7c0        0x8
 *(.vector_46)
 .vector_46     0x9d01f7c0        0x8 c:/program files (x86)/microchip/xc32/v1.21/bin/../lib/gcc/pic32mx/4.5.2/../../../../pic32mx/lib/speed\libpic32.a(vector46.o)
                0x9d01f7c0                __vector_dispatch_46
                0x00000001                ASSERT (((_vector_spacing == 0x0) || (SIZEOF (.vector_46) <= (_vector_spacing << 0x5))), function at exception vector 46 too large)

.vector_47      0x9d01f7e0        0x8
 *(.vector_47)
 .vector_47     0x9d01f7e0        0x8 c:/program files (x86)/microchip/xc32/v1.21/bin/../lib/gcc/pic32mx/4.5.2/../../../../pic32mx/lib/speed\libpic32.a(vector47.o)
                0x9d01f7e0                __vector_dispatch_47
                0x00000001                ASSERT (((_vector_spacing == 0x0) || (SIZEOF (.vector_47) <= (_vector_spacing << 0x5))), function at exception vector 47 too large)

.vector_48      0x9d01f800        0x8
 *(.vector_48)
 .vector_48     0x9d01f800        0x8 c:/program files (x86)/microchip/xc32/v1.21/bin/../lib/gcc/pic32mx/4.5.2/../../../../pic32mx/lib/speed\libpic32.a(vector48.o)
                0x9d01f800                __vector_dispatch_48
                0x00000001                ASSERT (((_vector_spacing == 0x0) || (SIZEOF (.vector_48) <= (_vector_spacing << 0x5))), function at exception vector 48 too large)

.vector_49      0x9d01f820        0x8
 *(.vector_49)
 .vector_49     0x9d01f820        0x8 c:/program files (x86)/microchip/xc32/v1.21/bin/../lib/gcc/pic32mx/4.5.2/../../../../pic32mx/lib/speed\libpic32.a(vector49.o)
                0x9d01f820                __vector_dispatch_49
                0x00000001                ASSERT (((_vector_spacing == 0x0) || (SIZEOF (.vector_49) <= (_vector_spacing << 0x5))), function at exception vector 49 too large)

.vector_50      0x9d01f840        0x8
 *(.vector_50)
 .vector_50     0x9d01f840        0x8 c:/program files (x86)/microchip/xc32/v1.21/bin/../lib/gcc/pic32mx/4.5.2/../../../../pic32mx/lib/speed\libpic32.a(vector50.o)
                0x9d01f840                __vector_dispatch_50
                0x00000001                ASSERT (((_vector_spacing == 0x0) || (SIZEOF (.vector_50) <= (_vector_spacing << 0x5))), function at exception vector 50 too large)

.vector_51      0x9d01f860        0x8
 *(.vector_51)
 .vector_51     0x9d01f860        0x8 c:/program files (x86)/microchip/xc32/v1.21/bin/../lib/gcc/pic32mx/4.5.2/../../../../pic32mx/lib/speed\libpic32.a(vector51.o)
                0x9d01f860                __vector_dispatch_51
                0x00000001                ASSERT (((_vector_spacing == 0x0) || (SIZEOF (.vector_51) <= (_vector_spacing << 0x5))), function at exception vector 51 too large)

.vector_52      0x9d01f880        0x8
 *(.vector_52)
 .vector_52     0x9d01f880        0x8 c:/program files (x86)/microchip/xc32/v1.21/bin/../lib/gcc/pic32mx/4.5.2/../../../../pic32mx/lib/speed\libpic32.a(vector52.o)
                0x9d01f880                __vector_dispatch_52
                0x00000001                ASSERT (((_vector_spacing == 0x0) || (SIZEOF (.vector_52) <= (_vector_spacing << 0x5))), function at exception vector 52 too large)

.vector_53      0x9d01f8a0        0x8
 *(.vector_53)
 .vector_53     0x9d01f8a0        0x8 c:/program files (x86)/microchip/xc32/v1.21/bin/../lib/gcc/pic32mx/4.5.2/../../../../pic32mx/lib/speed\libpic32.a(vector53.o)
                0x9d01f8a0                __vector_dispatch_53
                0x00000001                ASSERT (((_vector_spacing == 0x0) || (SIZEOF (.vector_53) <= (_vector_spacing << 0x5))), function at exception vector 53 too large)

.vector_54      0x9d01f8c0        0x8
 *(.vector_54)
 .vector_54     0x9d01f8c0        0x8 c:/program files (x86)/microchip/xc32/v1.21/bin/../lib/gcc/pic32mx/4.5.2/../../../../pic32mx/lib/speed\libpic32.a(vector54.o)
                0x9d01f8c0                __vector_dispatch_54
                0x00000001                ASSERT (((_vector_spacing == 0x0) || (SIZEOF (.vector_54) <= (_vector_spacing << 0x5))), function at exception vector 54 too large)

.vector_55      0x9d01f8e0        0x8
 *(.vector_55)
 .vector_55     0x9d01f8e0        0x8 c:/program files (x86)/microchip/xc32/v1.21/bin/../lib/gcc/pic32mx/4.5.2/../../../../pic32mx/lib/speed\libpic32.a(vector55.o)
                0x9d01f8e0                __vector_dispatch_55
                0x00000001                ASSERT (((_vector_spacing == 0x0) || (SIZEOF (.vector_55) <= (_vector_spacing << 0x5))), function at exception vector 55 too large)

.vector_56      0x9d01f900        0x8
 *(.vector_56)
 .vector_56     0x9d01f900        0x8 c:/program files (x86)/microchip/xc32/v1.21/bin/../lib/gcc/pic32mx/4.5.2/../../../../pic32mx/lib/speed\libpic32.a(vector56.o)
                0x9d01f900                __vector_dispatch_56
                0x00000001                ASSERT (((_vector_spacing == 0x0) || (SIZEOF (.vector_56) <= (_vector_spacing << 0x5))), function at exception vector 56 too large)

.vector_57      0x9d01f920        0x8
 *(.vector_57)
 .vector_57     0x9d01f920        0x8 c:/program files (x86)/microchip/xc32/v1.21/bin/../lib/gcc/pic32mx/4.5.2/../../../../pic32mx/lib/speed\libpic32.a(vector57.o)
                0x9d01f920                __vector_dispatch_57
                0x00000001                ASSERT (((_vector_spacing == 0x0) || (SIZEOF (.vector_57) <= (_vector_spacing << 0x5))), function at exception vector 57 too large)

.vector_58      0x9d01f940        0x8
 *(.vector_58)
 .vector_58     0x9d01f940        0x8 c:/program files (x86)/microchip/xc32/v1.21/bin/../lib/gcc/pic32mx/4.5.2/../../../../pic32mx/lib/speed\libpic32.a(vector58.o)
                0x9d01f940                __vector_dispatch_58
                0x00000001                ASSERT (((_vector_spacing == 0x0) || (SIZEOF (.vector_58) <= (_vector_spacing << 0x5))), function at exception vector 58 too large)

.vector_59      0x9d01f960        0x8
 *(.vector_59)
 .vector_59     0x9d01f960        0x8 c:/program files (x86)/microchip/xc32/v1.21/bin/../lib/gcc/pic32mx/4.5.2/../../../../pic32mx/lib/speed\libpic32.a(vector59.o)
                0x9d01f960                __vector_dispatch_59
                0x00000001                ASSERT (((_vector_spacing == 0x0) || (SIZEOF (.vector_59) <= (_vector_spacing << 0x5))), function at exception vector 59 too large)

.vector_60      0x9d01f980        0x8
 *(.vector_60)
 .vector_60     0x9d01f980        0x8 c:/program files (x86)/microchip/xc32/v1.21/bin/../lib/gcc/pic32mx/4.5.2/../../../../pic32mx/lib/speed\libpic32.a(vector60.o)
                0x9d01f980                __vector_dispatch_60
                0x00000001                ASSERT (((_vector_spacing == 0x0) || (SIZEOF (.vector_60) <= (_vector_spacing << 0x5))), function at exception vector 60 too large)

.vector_61      0x9d01f9a0        0x8
 *(.vector_61)
 .vector_61     0x9d01f9a0        0x8 c:/program files (x86)/microchip/xc32/v1.21/bin/../lib/gcc/pic32mx/4.5.2/../../../../pic32mx/lib/speed\libpic32.a(vector61.o)
                0x9d01f9a0                __vector_dispatch_61
                0x00000001                ASSERT (((_vector_spacing == 0x0) || (SIZEOF (.vector_61) <= (_vector_spacing << 0x5))), function at exception vector 61 too large)

.vector_62      0x9d01f9c0        0x8
 *(.vector_62)
 .vector_62     0x9d01f9c0        0x8 c:/program files (x86)/microchip/xc32/v1.21/bin/../lib/gcc/pic32mx/4.5.2/../../../../pic32mx/lib/speed\libpic32.a(vector62.o)
                0x9d01f9c0                __vector_dispatch_62
                0x00000001                ASSERT (((_vector_spacing == 0x0) || (SIZEOF (.vector_62) <= (_vector_spacing << 0x5))), function at exception vector 62 too large)

.vector_63      0x9d01f9e0        0x8
 *(.vector_63)
 .vector_63     0x9d01f9e0        0x8 c:/program files (x86)/microchip/xc32/v1.21/bin/../lib/gcc/pic32mx/4.5.2/../../../../pic32mx/lib/speed\libpic32.a(vector63.o)
                0x9d01f9e0                __vector_dispatch_63
                0x00000001                ASSERT (((_vector_spacing == 0x0) || (SIZEOF (.vector_63) <= (_vector_spacing << 0x5))), function at exception vector 63 too large)

.startup
 *(.startup)

.text           0x9d000000        0x0
 *(.stub .gnu.linkonce.t.*)
 *(.text.*personality*)
 *(.mips16.fn.*)
 *(.mips16.call.*)
 *(.gnu.warning)
                0x9d000000                . = ALIGN (0x4)

.init           0x9d000000        0x0
 *crti.o(.init)
 *crtbegin.o(.init)
 *(EXCLUDE_FILE(*crtn.o *crtend?.o *crtend.o) .init)
 *crtend.o(.init)
 *crtn.o(.init)
                0x9d000000                . = ALIGN (0x4)

.fini           0x9d000000        0x0
 *(.fini)
                0x9d000000                . = ALIGN (0x4)

.preinit_array  0x9d000000        0x0
                0x9d000000                PROVIDE (__preinit_array_start, .)
 *(.preinit_array)
                0x9d000000                PROVIDE (__preinit_array_end, .)
                0x9d000000                . = ALIGN (0x4)

.init_array     0x9d000000        0x0
                0x9d000000                PROVIDE (__init_array_start, .)
 *(SORT(.init_array.*))
 *(.init_array)
                0x9d000000                PROVIDE (__init_array_end, .)
                0x9d000000                . = ALIGN (0x4)

.fini_array     0x9d000000        0x0
                0x9d000000                PROVIDE (__fini_array_start, .)
 *(SORT(.fini_array.*))
 *(.fini_array)
                0x9d000000                PROVIDE (__fini_array_end, .)
                0x9d000000                . = ALIGN (0x4)

.ctors          0x9d000000        0x0
 *crtbegin.o(.ctors)
 *crtbegin?.o(.ctors)
 *(EXCLUDE_FILE(*crtend?.o *crtend.o) .ctors)
 *(SORT(.ctors.*))
 *(.ctors)
                0x9d000000                . = ALIGN (0x4)

.dtors          0x9d000000        0x0
 *crtbegin.o(.dtors)
 *crtbegin?.o(.dtors)
 *(EXCLUDE_FILE(*crtend?.o *crtend.o) .dtors)
 *(SORT(.dtors.*))
 *(.dtors)
                0x9d000000                . = ALIGN (0x4)

.rodata         0x9d000000        0x0
 *(.gnu.linkonce.r.*)
 *(.rodata1)
                0x9d000000                . = ALIGN (0x4)

.sdata2         0x9fc00490        0x0
 *(.sdata2 .sdata2.* .gnu.linkonce.s2.*)
                0x9fc00490                . = ALIGN (0x4)

.sbss2          0x9fc00490        0x0
 *(.sbss2 .sbss2.* .gnu.linkonce.sb2.*)
                0x9fc00490                . = ALIGN (0x4)

.eh_frame_hdr
 *(.eh_frame_hdr)
                0x9fc00490                . = ALIGN (0x4)

.eh_frame
 *(.eh_frame)
                0x9fc00490                . = ALIGN (0x4)

.gcc_except_table
 *(.gcc_except_table .gcc_except_table.*)
                0x9fc00490                . = ALIGN (0x4)

.dbg_data       0xa0000000        0x0
                0xa0000000                . = (. + DEFINED (_DEBUGGER)?0x200:0x0)

.jcr            0xa0000000        0x0
 *(.jcr)
                0xa0000000                . = ALIGN (0x4)

.eh_frame       0xa0000000       0x30
 *(.eh_frame)
 .eh_frame      0xa0000000       0x20 c:/program files (x86)/microchip/xc32/v1.21/bin/../lib/gcc/pic32mx/4.5.2/speed\libgcc.a(_udivdi3.o)
 .eh_frame      0xa0000020       0x10 c:/program files (x86)/microchip/xc32/v1.21/bin/../lib/gcc/pic32mx/4.5.2/speed\libgcc.a(_umoddi3.o)
                0xa0000030                . = ALIGN (0x4)

.gcc_except_table
 *(.gcc_except_table .gcc_except_table.*)
                0xa0000030                . = ALIGN (0x4)

.persist        0xa0000030     0x7200
                0xa0000030                _persist_begin = .
 *(.persist .persist.*)
 *(.pbss .pbss.*)
 .pbss          0xa0000030     0x7200 build/default/production/_ext/1472/main.o
                0xa0000030                RAM
                0xa0007230                . = ALIGN (0x4)
                0xa0007230                _persist_end = .

.data           0xa0007230        0x0
 *(.gnu.linkonce.d.*)
 *(.data1)
                0xa0007230                . = ALIGN (0x4)
                0xa0007230                . = .
                0xa000f220                _gp = (ALIGN (0x10) + 0x7ff0)

.got            0xa0007230        0x0
 *(.got.plt)
 *(.got)
                0xa0007230                . = ALIGN (0x4)

.sdata          0xa0007230       0x14
                0xa0007230                _sdata_begin = .
 *(.sdata .sdata.* .gnu.linkonce.s.*)
 .sdata         0xa0007230        0xc ..\libsdfsio.a(FSIO.o)
                0xa0007230                gLastFATSectorRead
                0xa0007234                gLastDataSectorRead
                0xa0007238                cwdptr
 .sdata         0xa000723c        0x4 c:/program files (x86)/microchip/xc32/v1.21/bin/../lib/gcc/pic32mx/4.5.2/../../../../pic32mx/lib/speed\libc.a(_iob.o)
                0xa000723c                _Files
 .sdata         0xa0007240        0x4 c:/program files (x86)/microchip/xc32/v1.21/bin/../lib/gcc/pic32mx/4.5.2/../../../../pic32mx/lib/speed\libpic32.a(xc32_uart.o)
                0xa0007240                __XC_UART
                0xa0007244                . = ALIGN (0x4)
                0xa0007244                _sdata_end = .

.lit8
 *(.lit8)

.lit4
 *(.lit4)
                0xa0007244                . = ALIGN (0x4)
                0xa0007244                _data_end = .
                0xa0007244                _bss_begin = .

.sbss           0xa0007244       0x7c
                0xa0007244                _sbss_begin = .
 *(.dynsbss)
 *(.sbss .sbss.* .gnu.linkonce.sb.*)
 .sbss          0xa0007244       0x14 build/default/production/_ext/1472/z80.o
 .sbss          0xa0007258        0xc ..\libsdfsio.a(FSIO.o)
                0xa0007258                gNeedFATWrite
                0xa000725c                gBufferOwner
                0xa0007260                gNeedDataWrite
                0xa0007261                nextClusterIsLast
                0xa0007262                gBufferZeroed
                0xa0007263                recache
 .sbss          0xa0007264       0x1c ..\libsdfsio.a(SD-SPI.o)
 .sbss          0xa0007280        0x1 c:/program files (x86)/microchip/xc32/v1.21/bin/../lib/gcc/pic32mx/4.5.2/../../../../pic32mx/lib/speed\libc.a(_iob.o)
                0xa0007280                _outdone
 *(.scommon)
 *fill*         0xa0007281        0x3 00
 .scommon       0xa0007284        0xc build/default/production/_ext/1472/main.o
                0xa0007284                g_keymatrix
                0xa0007288                g_timer1
                0xa000728c                g_TMR1h
 .scommon       0xa0007290        0x3 build/default/production/_ext/1472/z80.o
                0xa0007290                g_portc
                0xa0007291                g_porta
                0xa0007292                g_portb
 *fill*         0xa0007293        0x1 00
 .scommon       0xa0007294       0x24 ..\libsdfsio.a(FSIO.o)
                0xa0007294                gFileSlotOpen
                0xa0007296                gTimeCrtMS
                0xa0007298                asciiFilename
                0xa000729c                gTimeCrtTime
                0xa00072a0                FatRootDirClusterValue
                0xa00072a4                gTimeWrtDate
                0xa00072a6                fileNameLength
                0xa00072a8                gTimeCrtDate
                0xa00072ac                TempClusterCalc
                0xa00072b0                dirCleared
                0xa00072b2                gTimeAccDate
                0xa00072b4                FSerrno
                0xa00072b6                gTimeWrtTime
 .scommon       0xa00072b8        0x7 ..\libsdfsio.a(SD-SPI.o)
                0xa00072b8                MDD_SDSPI_finalLBA
                0xa00072bc                gMediaSectorSize
                0xa00072be                gSDMode
                0xa00072bf                _sbss_end = .
                0xa00072c0                . = ALIGN (0x4)
 *fill*         0xa00072bf        0x1 00

.bss            0xa00072c0      0x770
 *(.dynbss)
 *(COMMON)
 COMMON         0xa00072c0      0x200 build/default/production/_ext/1472/main.o
                0xa00072c0                data
 COMMON         0xa00074c0      0x56e ..\libsdfsio.a(FSIO.o)
                0xa00074c0                gDataBuffer
                0xa00076c0                tempDirectoryString
                0xa00076d0                cwd
                0xa000770c                tempCWDobj
                0xa0007748                gFATBuffer
                0xa0007948                gFileArray
                0xa00079c0                gDiskData
                0xa00079e8                gFileTemp
                0xa0007a24                defaultArray
                0xa0007a30                . = ALIGN ((. != 0x0)?0x4:0x1)
 *fill*         0xa0007a2e        0x2 00
                0xa0007a30                . = ALIGN (0x4)
                0xa0007a30                _end = .
                0xa0007a30                _bss_end = .
                0x00008000                _bmxdudba_address = 0x8000
                0x00008000                _bmxdupba_address = 0x8000

/DISCARD/
 *(.pdr)
 *(.rel.dyn)
 *(.note.GNU-stack)
 *(.note.GNU-stack)
 *(.gnu_debuglink)
 *(.gnu.lto_*)
 *(.discard)

.gptab.sdata
 *(.gptab.data)
 *(.gptab.sdata)

.gptab.sbss
 *(.gptab.bss)
 *(.gptab.sbss)

.mdebug.abi32   0xa0007a30        0x0
 *(.mdebug.abi32)
 .mdebug.abi32  0xa0007a30        0x0 build/default/production/_ext/1472/led.o
 .mdebug.abi32  0xa0007a30        0x0 build/default/production/_ext/1472/main.o
 .mdebug.abi32  0xa0007a30        0x0 build/default/production/_ext/1472/z80.o
 .mdebug.abi32  0xa0007a30        0x0 ..\libsdfsio.a(FSIO.o)
 .mdebug.abi32  0xa0007a30        0x0 ..\libsdfsio.a(SD-SPI.o)
 .mdebug.abi32  0xa0007a30        0x0 c:/program files (x86)/microchip/xc32/v1.21/bin/../lib/gcc/pic32mx/4.5.2/../../../../pic32mx/lib/speed\libmchp_peripheral_32MX150F128B.a(int_enable_mv_int_lib.o)
 .mdebug.abi32  0xa0007a30        0x0 c:/program files (x86)/microchip/xc32/v1.21/bin/../lib/gcc/pic32mx/4.5.2/../../../../pic32mx/lib/speed\libmchp_peripheral_32MX150F128B.a(int_enable_sv_int_lib.o)
 .mdebug.abi32  0xa0007a30        0x0 c:/program files (x86)/microchip/xc32/v1.21/bin/../lib/gcc/pic32mx/4.5.2/../../../../pic32mx/lib/speed\libmchp_peripheral_32MX150F128B.a(spi_getc_spi2_lib_legacy.o)
 .mdebug.abi32  0xa0007a30        0x0 c:/program files (x86)/microchip/xc32/v1.21/bin/../lib/gcc/pic32mx/4.5.2/../../../../pic32mx/lib/speed\libmchp_peripheral_32MX150F128B.a(spi_open_spi2_lib_legacy.o)
 .mdebug.abi32  0xa0007a30        0x0 c:/program files (x86)/microchip/xc32/v1.21/bin/../lib/gcc/pic32mx/4.5.2/../../../../pic32mx/lib/speed\libmchp_peripheral_32MX150F128B.a(spi_brg_tbl_lib_legacy.o)
 .mdebug.abi32  0xa0007a30        0x0 c:/program files (x86)/microchip/xc32/v1.21/bin/../lib/gcc/pic32mx/4.5.2/../../../../pic32mx/lib/speed\libmchp_peripheral_32MX150F128B.a(int_enable_interrupts_lib.o)
 .mdebug.abi32  0xa0007a30        0x0 c:/program files (x86)/microchip/xc32/v1.21/bin/../lib/gcc/pic32mx/4.5.2/../../../../pic32mx/lib/speed\libpic32.a(default-bootstrap-exception-handler.o)
 .mdebug.abi32  0xa0007a30        0x0 c:/program files (x86)/microchip/xc32/v1.21/bin/../lib/gcc/pic32mx/4.5.2/../../../../pic32mx/lib/speed\libpic32.a(default-on-reset.o)
 .mdebug.abi32  0xa0007a30        0x0 c:/program files (x86)/microchip/xc32/v1.21/bin/../lib/gcc/pic32mx/4.5.2/../../../../pic32mx/lib/speed\libpic32.a(default-on-bootstrap.o)
 .mdebug.abi32  0xa0007a30        0x0 c:/program files (x86)/microchip/xc32/v1.21/bin/../lib/gcc/pic32mx/4.5.2/../../../../pic32mx/lib/speed\libpic32.a(default-general-exception-handler.o)
 .mdebug.abi32  0xa0007a30        0x0 c:/program files (x86)/microchip/xc32/v1.21/bin/../lib/gcc/pic32mx/4.5.2/../../../../pic32mx/lib/speed\libpic32.a(defaultinterrupt.o)
 .mdebug.abi32  0xa0007a30        0x0 c:/program files (x86)/microchip/xc32/v1.21/bin/../lib/gcc/pic32mx/4.5.2/../../../../pic32mx/lib/speed\libc.a(ctypef.o)
 .mdebug.abi32  0xa0007a30        0x0 c:/program files (x86)/microchip/xc32/v1.21/bin/../lib/gcc/pic32mx/4.5.2/../../../../pic32mx/lib/speed\libc.a(strncpy.o)
 .mdebug.abi32  0xa0007a30        0x0 c:/program files (x86)/microchip/xc32/v1.21/bin/../lib/gcc/pic32mx/4.5.2/../../../../pic32mx/lib/speed\libc.a(sprintf_cdnopuxX.eo)
 .mdebug.abi32  0xa0007a30        0x0 c:/program files (x86)/microchip/xc32/v1.21/bin/../lib/gcc/pic32mx/4.5.2/../../../../pic32mx/lib/speed\libc.a(ctype.o)
 .mdebug.abi32  0xa0007a30        0x0 c:/program files (x86)/microchip/xc32/v1.21/bin/../lib/gcc/pic32mx/4.5.2/../../../../pic32mx/lib/speed\libc.a(doprnt_cdnopuxX.eo)
 .mdebug.abi32  0xa0007a30        0x0 c:/program files (x86)/microchip/xc32/v1.21/bin/../lib/gcc/pic32mx/4.5.2/../../../../pic32mx/lib/speed\libc.a(_fputc_simple.o)
 .mdebug.abi32  0xa0007a30        0x0 c:/program files (x86)/microchip/xc32/v1.21/bin/../lib/gcc/pic32mx/4.5.2/../../../../pic32mx/lib/speed\libc.a(_iob.o)
 .mdebug.abi32  0xa0007a30        0x0 c:/program files (x86)/microchip/xc32/v1.21/bin/../lib/gcc/pic32mx/4.5.2/../../../../pic32mx/lib/speed\libc.a(_flsbuf_simple.o)
 .mdebug.abi32  0xa0007a30        0x0 c:/program files (x86)/microchip/xc32/v1.21/bin/../lib/gcc/pic32mx/4.5.2/../../../../pic32mx/lib/speed\libpic32.a(write.o)
 .mdebug.abi32  0xa0007a30        0x0 c:/program files (x86)/microchip/xc32/v1.21/bin/../lib/gcc/pic32mx/4.5.2/../../../../pic32mx/lib/speed\libpic32.a(_mon_putc.o)
 .mdebug.abi32  0xa0007a30        0x0 c:/program files (x86)/microchip/xc32/v1.21/bin/../lib/gcc/pic32mx/4.5.2/../../../../pic32mx/lib/speed\libpic32.a(xc32_uart.o)
 .mdebug.abi32  0xa0007a30        0x0 c:/program files (x86)/microchip/xc32/v1.21/bin/../lib/gcc/pic32mx/4.5.2/speed\libgcc.a(_udivdi3.o)
 .mdebug.abi32  0xa0007a30        0x0 c:/program files (x86)/microchip/xc32/v1.21/bin/../lib/gcc/pic32mx/4.5.2/speed\libgcc.a(_umoddi3.o)

.mdebug.abiN32
 *(.mdebug.abiN32)

.mdebug.abi64
 *(.mdebug.abi64)

.mdebug.abiO64
 *(.mdebug.abiO64)

.mdebug.eabi32
 *(.mdebug.eabi32)

.mdebug.eabi64
 *(.mdebug.eabi64)

.gcc_compiled_long32
 *(.gcc_compiled_long32)

.gcc_compiled_long64
 *(.gcc_compiled_long64)

.stab
 *(.stab)

.stabstr
 *(.stabstr)

.stab.excl
 *(.stab.excl)

.stab.exclstr
 *(.stab.exclstr)

.stab.index
 *(.stab.index)

.stab.indexstr
 *(.stab.indexstr)

.comment        0x00000000      0x1b0
 *(.comment)
 .comment       0x00000000       0x3c build/default/production/_ext/1472/led.o
                                 0x3d (size before relaxing)
 .comment       0x00000000       0x3d build/default/production/_ext/1472/main.o
 .comment       0x00000000       0x3d build/default/production/_ext/1472/z80.o
 .comment       0x0000003c       0x51 ..\libsdfsio.a(FSIO.o)
                                 0x52 (size before relaxing)
 .comment       0x00000000       0x52 ..\libsdfsio.a(SD-SPI.o)
 .comment       0x0000008d       0x3c c:/program files (x86)/microchip/xc32/v1.21/bin/../lib/gcc/pic32mx/4.5.2/../../../../pic32mx/lib/speed\libmchp_peripheral_32MX150F128B.a(int_enable_mv_int_lib.o)
                                 0x3d (size before relaxing)
 .comment       0x00000000       0x3d c:/program files (x86)/microchip/xc32/v1.21/bin/../lib/gcc/pic32mx/4.5.2/../../../../pic32mx/lib/speed\libmchp_peripheral_32MX150F128B.a(int_enable_sv_int_lib.o)
 .comment       0x00000000       0x3d c:/program files (x86)/microchip/xc32/v1.21/bin/../lib/gcc/pic32mx/4.5.2/../../../../pic32mx/lib/speed\libmchp_peripheral_32MX150F128B.a(spi_getc_spi2_lib_legacy.o)
 .comment       0x00000000       0x3d c:/program files (x86)/microchip/xc32/v1.21/bin/../lib/gcc/pic32mx/4.5.2/../../../../pic32mx/lib/speed\libmchp_peripheral_32MX150F128B.a(spi_open_spi2_lib_legacy.o)
 .comment       0x00000000       0x3d c:/program files (x86)/microchip/xc32/v1.21/bin/../lib/gcc/pic32mx/4.5.2/../../../../pic32mx/lib/speed\libmchp_peripheral_32MX150F128B.a(spi_brg_tbl_lib_legacy.o)
 .comment       0x00000000       0x3d c:/program files (x86)/microchip/xc32/v1.21/bin/../lib/gcc/pic32mx/4.5.2/../../../../pic32mx/lib/speed\libmchp_peripheral_32MX150F128B.a(int_enable_interrupts_lib.o)
 .comment       0x000000c9       0x18 c:/program files (x86)/microchip/xc32/v1.21/bin/../lib/gcc/pic32mx/4.5.2/../../../../pic32mx/lib/speed\libpic32.a(memset.o)
                                 0x19 (size before relaxing)
 .comment       0x000000e1       0x19 c:/program files (x86)/microchip/xc32/v1.21/bin/../lib/gcc/pic32mx/4.5.2/../../../../pic32mx/lib/speed\libpic32.a(strcpy.o)
                                 0x1a (size before relaxing)
 .comment       0x000000fa       0x19 c:/program files (x86)/microchip/xc32/v1.21/bin/../lib/gcc/pic32mx/4.5.2/../../../../pic32mx/lib/speed\libpic32.a(strlen.o)
                                 0x1a (size before relaxing)
 .comment       0x00000000       0x3d c:/program files (x86)/microchip/xc32/v1.21/bin/../lib/gcc/pic32mx/4.5.2/../../../../pic32mx/lib/speed\libpic32.a(default-bootstrap-exception-handler.o)
 .comment       0x00000000       0x3d c:/program files (x86)/microchip/xc32/v1.21/bin/../lib/gcc/pic32mx/4.5.2/../../../../pic32mx/lib/speed\libpic32.a(default-on-reset.o)
 .comment       0x00000000       0x3d c:/program files (x86)/microchip/xc32/v1.21/bin/../lib/gcc/pic32mx/4.5.2/../../../../pic32mx/lib/speed\libpic32.a(default-on-bootstrap.o)
 .comment       0x00000000       0x3d c:/program files (x86)/microchip/xc32/v1.21/bin/../lib/gcc/pic32mx/4.5.2/../../../../pic32mx/lib/speed\libpic32.a(default-general-exception-handler.o)
 .comment       0x00000000       0x3d c:/program files (x86)/microchip/xc32/v1.21/bin/../lib/gcc/pic32mx/4.5.2/../../../../pic32mx/lib/speed\libpic32.a(defaultinterrupt.o)
 .comment       0x00000113       0x4f c:/program files (x86)/microchip/xc32/v1.21/bin/../lib/gcc/pic32mx/4.5.2/../../../../pic32mx/lib/speed\libc.a(ctypef.o)
                                 0x8c (size before relaxing)
 .comment       0x00000000       0x3d c:/program files (x86)/microchip/xc32/v1.21/bin/../lib/gcc/pic32mx/4.5.2/../../../../pic32mx/lib/speed\libc.a(strncpy.o)
 .comment       0x00000000       0x3d c:/program files (x86)/microchip/xc32/v1.21/bin/../lib/gcc/pic32mx/4.5.2/../../../../pic32mx/lib/speed\libc.a(sprintf_cdnopuxX.eo)
 .comment       0x00000162       0x4e c:/program files (x86)/microchip/xc32/v1.21/bin/../lib/gcc/pic32mx/4.5.2/../../../../pic32mx/lib/speed\libc.a(ctype.o)
                                 0x8b (size before relaxing)
 .comment       0x00000000       0x3d c:/program files (x86)/microchip/xc32/v1.21/bin/../lib/gcc/pic32mx/4.5.2/../../../../pic32mx/lib/speed\libc.a(doprnt_cdnopuxX.eo)
 .comment       0x00000000       0x3d c:/program files (x86)/microchip/xc32/v1.21/bin/../lib/gcc/pic32mx/4.5.2/../../../../pic32mx/lib/speed\libc.a(_fputc_simple.o)
 .comment       0x00000000       0x3d c:/program files (x86)/microchip/xc32/v1.21/bin/../lib/gcc/pic32mx/4.5.2/../../../../pic32mx/lib/speed\libc.a(_iob.o)
 .comment       0x00000000       0x3d c:/program files (x86)/microchip/xc32/v1.21/bin/../lib/gcc/pic32mx/4.5.2/../../../../pic32mx/lib/speed\libc.a(_flsbuf_simple.o)
 .comment       0x00000000       0x3d c:/program files (x86)/microchip/xc32/v1.21/bin/../lib/gcc/pic32mx/4.5.2/../../../../pic32mx/lib/speed\libpic32.a(write.o)
 .comment       0x00000000       0x3d c:/program files (x86)/microchip/xc32/v1.21/bin/../lib/gcc/pic32mx/4.5.2/../../../../pic32mx/lib/speed\libpic32.a(_mon_putc.o)
 .comment       0x00000000       0x3d c:/program files (x86)/microchip/xc32/v1.21/bin/../lib/gcc/pic32mx/4.5.2/../../../../pic32mx/lib/speed\libpic32.a(xc32_uart.o)
 .comment       0x00000000       0x3d c:/program files (x86)/microchip/xc32/v1.21/bin/../lib/gcc/pic32mx/4.5.2/speed\libgcc.a(_udivdi3.o)
 .comment       0x00000000       0x3d c:/program files (x86)/microchip/xc32/v1.21/bin/../lib/gcc/pic32mx/4.5.2/speed\libgcc.a(_umoddi3.o)

.debug
 *(.debug)

.line
 *(.line)

.debug_srcinfo
 *(.debug_srcinfo)

.debug_sfnames
 *(.debug_sfnames)

.debug_aranges  0x00000000      0x3a0
 *(.debug_aranges)
 .debug_aranges
                0x00000000       0x20 build/default/production/_ext/1472/led.o
 .debug_aranges
                0x00000020       0x20 build/default/production/_ext/1472/main.o
 .debug_aranges
                0x00000040       0x20 build/default/production/_ext/1472/z80.o
 .debug_aranges
                0x00000060       0x20 ..\libsdfsio.a(FSIO.o)
 .debug_aranges
                0x00000080       0x20 ..\libsdfsio.a(SD-SPI.o)
 .debug_aranges
                0x000000a0       0x20 c:/program files (x86)/microchip/xc32/v1.21/bin/../lib/gcc/pic32mx/4.5.2/../../../../pic32mx/lib/speed\libmchp_peripheral_32MX150F128B.a(int_enable_mv_int_lib.o)
 .debug_aranges
                0x000000c0       0x20 c:/program files (x86)/microchip/xc32/v1.21/bin/../lib/gcc/pic32mx/4.5.2/../../../../pic32mx/lib/speed\libmchp_peripheral_32MX150F128B.a(int_enable_sv_int_lib.o)
 .debug_aranges
                0x000000e0       0x20 c:/program files (x86)/microchip/xc32/v1.21/bin/../lib/gcc/pic32mx/4.5.2/../../../../pic32mx/lib/speed\libmchp_peripheral_32MX150F128B.a(spi_getc_spi2_lib_legacy.o)
 .debug_aranges
                0x00000100       0x20 c:/program files (x86)/microchip/xc32/v1.21/bin/../lib/gcc/pic32mx/4.5.2/../../../../pic32mx/lib/speed\libmchp_peripheral_32MX150F128B.a(spi_open_spi2_lib_legacy.o)
 .debug_aranges
                0x00000120       0x20 c:/program files (x86)/microchip/xc32/v1.21/bin/../lib/gcc/pic32mx/4.5.2/../../../../pic32mx/lib/speed\libmchp_peripheral_32MX150F128B.a(int_enable_interrupts_lib.o)
 .debug_aranges
                0x00000140       0x20 c:/program files (x86)/microchip/xc32/v1.21/bin/../lib/gcc/pic32mx/4.5.2/../../../../pic32mx/lib/speed\libpic32.a(default-bootstrap-exception-handler.o)
 .debug_aranges
                0x00000160       0x20 c:/program files (x86)/microchip/xc32/v1.21/bin/../lib/gcc/pic32mx/4.5.2/../../../../pic32mx/lib/speed\libpic32.a(default-on-reset.o)
 .debug_aranges
                0x00000180       0x20 c:/program files (x86)/microchip/xc32/v1.21/bin/../lib/gcc/pic32mx/4.5.2/../../../../pic32mx/lib/speed\libpic32.a(default-on-bootstrap.o)
 .debug_aranges
                0x000001a0       0x20 c:/program files (x86)/microchip/xc32/v1.21/bin/../lib/gcc/pic32mx/4.5.2/../../../../pic32mx/lib/speed\libpic32.a(default-general-exception-handler.o)
 .debug_aranges
                0x000001c0       0x20 c:/program files (x86)/microchip/xc32/v1.21/bin/../lib/gcc/pic32mx/4.5.2/../../../../pic32mx/lib/speed\libpic32.a(defaultinterrupt.o)
 .debug_aranges
                0x000001e0       0xa0 c:/program files (x86)/microchip/xc32/v1.21/bin/../lib/gcc/pic32mx/4.5.2/../../../../pic32mx/lib/speed\libc.a(ctypef.o)
 .debug_aranges
                0x00000280       0x20 c:/program files (x86)/microchip/xc32/v1.21/bin/../lib/gcc/pic32mx/4.5.2/../../../../pic32mx/lib/speed\libc.a(strncpy.o)
 .debug_aranges
                0x000002a0       0x20 c:/program files (x86)/microchip/xc32/v1.21/bin/../lib/gcc/pic32mx/4.5.2/../../../../pic32mx/lib/speed\libc.a(sprintf_cdnopuxX.eo)
 .debug_aranges
                0x000002c0       0x20 c:/program files (x86)/microchip/xc32/v1.21/bin/../lib/gcc/pic32mx/4.5.2/../../../../pic32mx/lib/speed\libc.a(doprnt_cdnopuxX.eo)
 .debug_aranges
                0x000002e0       0x20 c:/program files (x86)/microchip/xc32/v1.21/bin/../lib/gcc/pic32mx/4.5.2/../../../../pic32mx/lib/speed\libc.a(_fputc_simple.o)
 .debug_aranges
                0x00000300       0x20 c:/program files (x86)/microchip/xc32/v1.21/bin/../lib/gcc/pic32mx/4.5.2/../../../../pic32mx/lib/speed\libc.a(_flsbuf_simple.o)
 .debug_aranges
                0x00000320       0x20 c:/program files (x86)/microchip/xc32/v1.21/bin/../lib/gcc/pic32mx/4.5.2/../../../../pic32mx/lib/speed\libpic32.a(write.o)
 .debug_aranges
                0x00000340       0x20 c:/program files (x86)/microchip/xc32/v1.21/bin/../lib/gcc/pic32mx/4.5.2/../../../../pic32mx/lib/speed\libpic32.a(_mon_putc.o)
 .debug_aranges
                0x00000360       0x20 c:/program files (x86)/microchip/xc32/v1.21/bin/../lib/gcc/pic32mx/4.5.2/speed\libgcc.a(_udivdi3.o)
 .debug_aranges
                0x00000380       0x20 c:/program files (x86)/microchip/xc32/v1.21/bin/../lib/gcc/pic32mx/4.5.2/speed\libgcc.a(_umoddi3.o)

.debug_pubnames
                0x00000000     0x18a4
 *(.debug_pubnames)
 .debug_pubnames
                0x00000000       0x2d build/default/production/_ext/1472/led.o
 .debug_pubnames
                0x0000002d       0x96 build/default/production/_ext/1472/main.o
 .debug_pubnames
                0x000000c3      0xc38 build/default/production/_ext/1472/z80.o
 .debug_pubnames
                0x00000cfb      0x602 ..\libsdfsio.a(FSIO.o)
 .debug_pubnames
                0x000012fd      0x1fc ..\libsdfsio.a(SD-SPI.o)
 .debug_pubnames
                0x000014f9       0x36 c:/program files (x86)/microchip/xc32/v1.21/bin/../lib/gcc/pic32mx/4.5.2/../../../../pic32mx/lib/speed\libmchp_peripheral_32MX150F128B.a(int_enable_mv_int_lib.o)
 .debug_pubnames
                0x0000152f       0x37 c:/program files (x86)/microchip/xc32/v1.21/bin/../lib/gcc/pic32mx/4.5.2/../../../../pic32mx/lib/speed\libmchp_peripheral_32MX150F128B.a(int_enable_sv_int_lib.o)
 .debug_pubnames
                0x00001566       0x1f c:/program files (x86)/microchip/xc32/v1.21/bin/../lib/gcc/pic32mx/4.5.2/../../../../pic32mx/lib/speed\libmchp_peripheral_32MX150F128B.a(spi_getc_spi2_lib_legacy.o)
 .debug_pubnames
                0x00001585       0x1f c:/program files (x86)/microchip/xc32/v1.21/bin/../lib/gcc/pic32mx/4.5.2/../../../../pic32mx/lib/speed\libmchp_peripheral_32MX150F128B.a(spi_open_spi2_lib_legacy.o)
 .debug_pubnames
                0x000015a4       0x2a c:/program files (x86)/microchip/xc32/v1.21/bin/../lib/gcc/pic32mx/4.5.2/../../../../pic32mx/lib/speed\libmchp_peripheral_32MX150F128B.a(int_enable_interrupts_lib.o)
 .debug_pubnames
                0x000015ce       0x33 c:/program files (x86)/microchip/xc32/v1.21/bin/../lib/gcc/pic32mx/4.5.2/../../../../pic32mx/lib/speed\libpic32.a(default-bootstrap-exception-handler.o)
 .debug_pubnames
                0x00001601       0x20 c:/program files (x86)/microchip/xc32/v1.21/bin/../lib/gcc/pic32mx/4.5.2/../../../../pic32mx/lib/speed\libpic32.a(default-on-reset.o)
 .debug_pubnames
                0x00001621       0x24 c:/program files (x86)/microchip/xc32/v1.21/bin/../lib/gcc/pic32mx/4.5.2/../../../../pic32mx/lib/speed\libpic32.a(default-on-bootstrap.o)
 .debug_pubnames
                0x00001645       0x31 c:/program files (x86)/microchip/xc32/v1.21/bin/../lib/gcc/pic32mx/4.5.2/../../../../pic32mx/lib/speed\libpic32.a(default-general-exception-handler.o)
 .debug_pubnames
                0x00001676       0x28 c:/program files (x86)/microchip/xc32/v1.21/bin/../lib/gcc/pic32mx/4.5.2/../../../../pic32mx/lib/speed\libpic32.a(defaultinterrupt.o)
 .debug_pubnames
                0x0000169e       0xe1 c:/program files (x86)/microchip/xc32/v1.21/bin/../lib/gcc/pic32mx/4.5.2/../../../../pic32mx/lib/speed\libc.a(ctypef.o)
 .debug_pubnames
                0x0000177f       0x1e c:/program files (x86)/microchip/xc32/v1.21/bin/../lib/gcc/pic32mx/4.5.2/../../../../pic32mx/lib/speed\libc.a(strncpy.o)
 .debug_pubnames
                0x0000179d       0x28 c:/program files (x86)/microchip/xc32/v1.21/bin/../lib/gcc/pic32mx/4.5.2/../../../../pic32mx/lib/speed\libc.a(sprintf_cdnopuxX.eo)
 .debug_pubnames
                0x000017c5       0x29 c:/program files (x86)/microchip/xc32/v1.21/bin/../lib/gcc/pic32mx/4.5.2/../../../../pic32mx/lib/speed\libc.a(doprnt_cdnopuxX.eo)
 .debug_pubnames
                0x000017ee       0x1c c:/program files (x86)/microchip/xc32/v1.21/bin/../lib/gcc/pic32mx/4.5.2/../../../../pic32mx/lib/speed\libc.a(_fputc_simple.o)
 .debug_pubnames
                0x0000180a       0x1e c:/program files (x86)/microchip/xc32/v1.21/bin/../lib/gcc/pic32mx/4.5.2/../../../../pic32mx/lib/speed\libc.a(_flsbuf_simple.o)
 .debug_pubnames
                0x00001828       0x1c c:/program files (x86)/microchip/xc32/v1.21/bin/../lib/gcc/pic32mx/4.5.2/../../../../pic32mx/lib/speed\libpic32.a(write.o)
 .debug_pubnames
                0x00001844       0x20 c:/program files (x86)/microchip/xc32/v1.21/bin/../lib/gcc/pic32mx/4.5.2/../../../../pic32mx/lib/speed\libpic32.a(_mon_putc.o)
 .debug_pubnames
                0x00001864       0x20 c:/program files (x86)/microchip/xc32/v1.21/bin/../lib/gcc/pic32mx/4.5.2/speed\libgcc.a(_udivdi3.o)
 .debug_pubnames
                0x00001884       0x20 c:/program files (x86)/microchip/xc32/v1.21/bin/../lib/gcc/pic32mx/4.5.2/speed\libgcc.a(_umoddi3.o)

.debug_info     0x00000000     0xfa81
 *(.debug_info .gnu.linkonce.wi.*)
 .debug_info    0x00000000     0x1c87 build/default/production/_ext/1472/led.o
 .debug_info    0x00001c87     0x190c build/default/production/_ext/1472/main.o
 .debug_info    0x00003593     0x34e1 build/default/production/_ext/1472/z80.o
 .debug_info    0x00006a74     0x4958 ..\libsdfsio.a(FSIO.o)
 .debug_info    0x0000b3cc     0x28cf ..\libsdfsio.a(SD-SPI.o)
 .debug_info    0x0000dc9b       0xbc c:/program files (x86)/microchip/xc32/v1.21/bin/../lib/gcc/pic32mx/4.5.2/../../../../pic32mx/lib/speed\libmchp_peripheral_32MX150F128B.a(int_enable_mv_int_lib.o)
 .debug_info    0x0000dd57       0xbd c:/program files (x86)/microchip/xc32/v1.21/bin/../lib/gcc/pic32mx/4.5.2/../../../../pic32mx/lib/speed\libmchp_peripheral_32MX150F128B.a(int_enable_sv_int_lib.o)
 .debug_info    0x0000de14       0xa8 c:/program files (x86)/microchip/xc32/v1.21/bin/../lib/gcc/pic32mx/4.5.2/../../../../pic32mx/lib/speed\libmchp_peripheral_32MX150F128B.a(spi_getc_spi2_lib_legacy.o)
 .debug_info    0x0000debc       0xa8 c:/program files (x86)/microchip/xc32/v1.21/bin/../lib/gcc/pic32mx/4.5.2/../../../../pic32mx/lib/speed\libmchp_peripheral_32MX150F128B.a(spi_open_spi2_lib_legacy.o)
 .debug_info    0x0000df64        0x0 c:/program files (x86)/microchip/xc32/v1.21/bin/../lib/gcc/pic32mx/4.5.2/../../../../pic32mx/lib/speed\libmchp_peripheral_32MX150F128B.a(spi_brg_tbl_lib_legacy.o)
 .debug_info    0x0000df64       0xb4 c:/program files (x86)/microchip/xc32/v1.21/bin/../lib/gcc/pic32mx/4.5.2/../../../../pic32mx/lib/speed\libmchp_peripheral_32MX150F128B.a(int_enable_interrupts_lib.o)
 .debug_info    0x0000e018       0xe8 c:/program files (x86)/microchip/xc32/v1.21/bin/../lib/gcc/pic32mx/4.5.2/../../../../pic32mx/lib/speed\libpic32.a(default-bootstrap-exception-handler.o)
 .debug_info    0x0000e100       0xc2 c:/program files (x86)/microchip/xc32/v1.21/bin/../lib/gcc/pic32mx/4.5.2/../../../../pic32mx/lib/speed\libpic32.a(default-on-reset.o)
 .debug_info    0x0000e1c2       0xca c:/program files (x86)/microchip/xc32/v1.21/bin/../lib/gcc/pic32mx/4.5.2/../../../../pic32mx/lib/speed\libpic32.a(default-on-bootstrap.o)
 .debug_info    0x0000e28c       0xe4 c:/program files (x86)/microchip/xc32/v1.21/bin/../lib/gcc/pic32mx/4.5.2/../../../../pic32mx/lib/speed\libpic32.a(default-general-exception-handler.o)
 .debug_info    0x0000e370       0xdc c:/program files (x86)/microchip/xc32/v1.21/bin/../lib/gcc/pic32mx/4.5.2/../../../../pic32mx/lib/speed\libpic32.a(defaultinterrupt.o)
 .debug_info    0x0000e44c      0x21b c:/program files (x86)/microchip/xc32/v1.21/bin/../lib/gcc/pic32mx/4.5.2/../../../../pic32mx/lib/speed\libc.a(ctypef.o)
 .debug_info    0x0000e667       0xb9 c:/program files (x86)/microchip/xc32/v1.21/bin/../lib/gcc/pic32mx/4.5.2/../../../../pic32mx/lib/speed\libc.a(strncpy.o)
 .debug_info    0x0000e720       0xc3 c:/program files (x86)/microchip/xc32/v1.21/bin/../lib/gcc/pic32mx/4.5.2/../../../../pic32mx/lib/speed\libc.a(sprintf_cdnopuxX.eo)
 .debug_info    0x0000e7e3        0x0 c:/program files (x86)/microchip/xc32/v1.21/bin/../lib/gcc/pic32mx/4.5.2/../../../../pic32mx/lib/speed\libc.a(ctype.o)
 .debug_info    0x0000e7e3       0xc4 c:/program files (x86)/microchip/xc32/v1.21/bin/../lib/gcc/pic32mx/4.5.2/../../../../pic32mx/lib/speed\libc.a(doprnt_cdnopuxX.eo)
 .debug_info    0x0000e8a7       0xb5 c:/program files (x86)/microchip/xc32/v1.21/bin/../lib/gcc/pic32mx/4.5.2/../../../../pic32mx/lib/speed\libc.a(_fputc_simple.o)
 .debug_info    0x0000e95c        0x0 c:/program files (x86)/microchip/xc32/v1.21/bin/../lib/gcc/pic32mx/4.5.2/../../../../pic32mx/lib/speed\libc.a(_iob.o)
 .debug_info    0x0000e95c       0xb8 c:/program files (x86)/microchip/xc32/v1.21/bin/../lib/gcc/pic32mx/4.5.2/../../../../pic32mx/lib/speed\libc.a(_flsbuf_simple.o)
 .debug_info    0x0000ea14       0xb3 c:/program files (x86)/microchip/xc32/v1.21/bin/../lib/gcc/pic32mx/4.5.2/../../../../pic32mx/lib/speed\libpic32.a(write.o)
 .debug_info    0x0000eac7       0xbb c:/program files (x86)/microchip/xc32/v1.21/bin/../lib/gcc/pic32mx/4.5.2/../../../../pic32mx/lib/speed\libpic32.a(_mon_putc.o)
 .debug_info    0x0000eb82        0x0 c:/program files (x86)/microchip/xc32/v1.21/bin/../lib/gcc/pic32mx/4.5.2/../../../../pic32mx/lib/speed\libpic32.a(xc32_uart.o)
 .debug_info    0x0000eb82      0x761 c:/program files (x86)/microchip/xc32/v1.21/bin/../lib/gcc/pic32mx/4.5.2/speed\libgcc.a(_udivdi3.o)
 .debug_info    0x0000f2e3      0x79e c:/program files (x86)/microchip/xc32/v1.21/bin/../lib/gcc/pic32mx/4.5.2/speed\libgcc.a(_umoddi3.o)

.debug_abbrev   0x00000000     0x130e
 *(.debug_abbrev)
 .debug_abbrev  0x00000000      0x1bc build/default/production/_ext/1472/led.o
 .debug_abbrev  0x000001bc      0x23f build/default/production/_ext/1472/main.o
 .debug_abbrev  0x000003fb      0x307 build/default/production/_ext/1472/z80.o
 .debug_abbrev  0x00000702      0x361 ..\libsdfsio.a(FSIO.o)
 .debug_abbrev  0x00000a63      0x374 ..\libsdfsio.a(SD-SPI.o)
 .debug_abbrev  0x00000dd7       0x25 c:/program files (x86)/microchip/xc32/v1.21/bin/../lib/gcc/pic32mx/4.5.2/../../../../pic32mx/lib/speed\libmchp_peripheral_32MX150F128B.a(int_enable_mv_int_lib.o)
 .debug_abbrev  0x00000dfc       0x25 c:/program files (x86)/microchip/xc32/v1.21/bin/../lib/gcc/pic32mx/4.5.2/../../../../pic32mx/lib/speed\libmchp_peripheral_32MX150F128B.a(int_enable_sv_int_lib.o)
 .debug_abbrev  0x00000e21       0x25 c:/program files (x86)/microchip/xc32/v1.21/bin/../lib/gcc/pic32mx/4.5.2/../../../../pic32mx/lib/speed\libmchp_peripheral_32MX150F128B.a(spi_getc_spi2_lib_legacy.o)
 .debug_abbrev  0x00000e46       0x25 c:/program files (x86)/microchip/xc32/v1.21/bin/../lib/gcc/pic32mx/4.5.2/../../../../pic32mx/lib/speed\libmchp_peripheral_32MX150F128B.a(spi_open_spi2_lib_legacy.o)
 .debug_abbrev  0x00000e6b        0x1 c:/program files (x86)/microchip/xc32/v1.21/bin/../lib/gcc/pic32mx/4.5.2/../../../../pic32mx/lib/speed\libmchp_peripheral_32MX150F128B.a(spi_brg_tbl_lib_legacy.o)
 .debug_abbrev  0x00000e6c       0x25 c:/program files (x86)/microchip/xc32/v1.21/bin/../lib/gcc/pic32mx/4.5.2/../../../../pic32mx/lib/speed\libmchp_peripheral_32MX150F128B.a(int_enable_interrupts_lib.o)
 .debug_abbrev  0x00000e91       0x25 c:/program files (x86)/microchip/xc32/v1.21/bin/../lib/gcc/pic32mx/4.5.2/../../../../pic32mx/lib/speed\libpic32.a(default-bootstrap-exception-handler.o)
 .debug_abbrev  0x00000eb6       0x25 c:/program files (x86)/microchip/xc32/v1.21/bin/../lib/gcc/pic32mx/4.5.2/../../../../pic32mx/lib/speed\libpic32.a(default-on-reset.o)
 .debug_abbrev  0x00000edb       0x25 c:/program files (x86)/microchip/xc32/v1.21/bin/../lib/gcc/pic32mx/4.5.2/../../../../pic32mx/lib/speed\libpic32.a(default-on-bootstrap.o)
 .debug_abbrev  0x00000f00       0x25 c:/program files (x86)/microchip/xc32/v1.21/bin/../lib/gcc/pic32mx/4.5.2/../../../../pic32mx/lib/speed\libpic32.a(default-general-exception-handler.o)
 .debug_abbrev  0x00000f25       0x25 c:/program files (x86)/microchip/xc32/v1.21/bin/../lib/gcc/pic32mx/4.5.2/../../../../pic32mx/lib/speed\libpic32.a(defaultinterrupt.o)
 .debug_abbrev  0x00000f4a       0x25 c:/program files (x86)/microchip/xc32/v1.21/bin/../lib/gcc/pic32mx/4.5.2/../../../../pic32mx/lib/speed\libc.a(ctypef.o)
 .debug_abbrev  0x00000f6f       0x25 c:/program files (x86)/microchip/xc32/v1.21/bin/../lib/gcc/pic32mx/4.5.2/../../../../pic32mx/lib/speed\libc.a(strncpy.o)
 .debug_abbrev  0x00000f94       0x25 c:/program files (x86)/microchip/xc32/v1.21/bin/../lib/gcc/pic32mx/4.5.2/../../../../pic32mx/lib/speed\libc.a(sprintf_cdnopuxX.eo)
 .debug_abbrev  0x00000fb9        0x1 c:/program files (x86)/microchip/xc32/v1.21/bin/../lib/gcc/pic32mx/4.5.2/../../../../pic32mx/lib/speed\libc.a(ctype.o)
 .debug_abbrev  0x00000fba       0x25 c:/program files (x86)/microchip/xc32/v1.21/bin/../lib/gcc/pic32mx/4.5.2/../../../../pic32mx/lib/speed\libc.a(doprnt_cdnopuxX.eo)
 .debug_abbrev  0x00000fdf       0x25 c:/program files (x86)/microchip/xc32/v1.21/bin/../lib/gcc/pic32mx/4.5.2/../../../../pic32mx/lib/speed\libc.a(_fputc_simple.o)
 .debug_abbrev  0x00001004        0x1 c:/program files (x86)/microchip/xc32/v1.21/bin/../lib/gcc/pic32mx/4.5.2/../../../../pic32mx/lib/speed\libc.a(_iob.o)
 .debug_abbrev  0x00001005       0x25 c:/program files (x86)/microchip/xc32/v1.21/bin/../lib/gcc/pic32mx/4.5.2/../../../../pic32mx/lib/speed\libc.a(_flsbuf_simple.o)
 .debug_abbrev  0x0000102a       0x25 c:/program files (x86)/microchip/xc32/v1.21/bin/../lib/gcc/pic32mx/4.5.2/../../../../pic32mx/lib/speed\libpic32.a(write.o)
 .debug_abbrev  0x0000104f       0x25 c:/program files (x86)/microchip/xc32/v1.21/bin/../lib/gcc/pic32mx/4.5.2/../../../../pic32mx/lib/speed\libpic32.a(_mon_putc.o)
 .debug_abbrev  0x00001074        0x1 c:/program files (x86)/microchip/xc32/v1.21/bin/../lib/gcc/pic32mx/4.5.2/../../../../pic32mx/lib/speed\libpic32.a(xc32_uart.o)
 .debug_abbrev  0x00001075      0x13d c:/program files (x86)/microchip/xc32/v1.21/bin/../lib/gcc/pic32mx/4.5.2/speed\libgcc.a(_udivdi3.o)
 .debug_abbrev  0x000011b2      0x15c c:/program files (x86)/microchip/xc32/v1.21/bin/../lib/gcc/pic32mx/4.5.2/speed\libgcc.a(_umoddi3.o)

.debug_line     0x00000000     0x372d
 *(.debug_line)
 .debug_line    0x00000000      0x268 build/default/production/_ext/1472/led.o
 .debug_line    0x00000268      0x2ed build/default/production/_ext/1472/main.o
 .debug_line    0x00000555     0x1317 build/default/production/_ext/1472/z80.o
 .debug_line    0x0000186c      0xf55 ..\libsdfsio.a(FSIO.o)
 .debug_line    0x000027c1      0x409 ..\libsdfsio.a(SD-SPI.o)
 .debug_line    0x00002bca       0x6e c:/program files (x86)/microchip/xc32/v1.21/bin/../lib/gcc/pic32mx/4.5.2/../../../../pic32mx/lib/speed\libmchp_peripheral_32MX150F128B.a(int_enable_mv_int_lib.o)
 .debug_line    0x00002c38       0x6e c:/program files (x86)/microchip/xc32/v1.21/bin/../lib/gcc/pic32mx/4.5.2/../../../../pic32mx/lib/speed\libmchp_peripheral_32MX150F128B.a(int_enable_sv_int_lib.o)
 .debug_line    0x00002ca6       0x71 c:/program files (x86)/microchip/xc32/v1.21/bin/../lib/gcc/pic32mx/4.5.2/../../../../pic32mx/lib/speed\libmchp_peripheral_32MX150F128B.a(spi_getc_spi2_lib_legacy.o)
 .debug_line    0x00002d17       0x71 c:/program files (x86)/microchip/xc32/v1.21/bin/../lib/gcc/pic32mx/4.5.2/../../../../pic32mx/lib/speed\libmchp_peripheral_32MX150F128B.a(spi_open_spi2_lib_legacy.o)
 .debug_line    0x00002d88        0x0 c:/program files (x86)/microchip/xc32/v1.21/bin/../lib/gcc/pic32mx/4.5.2/../../../../pic32mx/lib/speed\libmchp_peripheral_32MX150F128B.a(spi_brg_tbl_lib_legacy.o)
 .debug_line    0x00002d88       0x72 c:/program files (x86)/microchip/xc32/v1.21/bin/../lib/gcc/pic32mx/4.5.2/../../../../pic32mx/lib/speed\libmchp_peripheral_32MX150F128B.a(int_enable_interrupts_lib.o)
 .debug_line    0x00002dfa       0x9d c:/program files (x86)/microchip/xc32/v1.21/bin/../lib/gcc/pic32mx/4.5.2/../../../../pic32mx/lib/speed\libpic32.a(default-bootstrap-exception-handler.o)
 .debug_line    0x00002e97       0x8a c:/program files (x86)/microchip/xc32/v1.21/bin/../lib/gcc/pic32mx/4.5.2/../../../../pic32mx/lib/speed\libpic32.a(default-on-reset.o)
 .debug_line    0x00002f21       0x8e c:/program files (x86)/microchip/xc32/v1.21/bin/../lib/gcc/pic32mx/4.5.2/../../../../pic32mx/lib/speed\libpic32.a(default-on-bootstrap.o)
 .debug_line    0x00002faf       0x9b c:/program files (x86)/microchip/xc32/v1.21/bin/../lib/gcc/pic32mx/4.5.2/../../../../pic32mx/lib/speed\libpic32.a(default-general-exception-handler.o)
 .debug_line    0x0000304a       0x9c c:/program files (x86)/microchip/xc32/v1.21/bin/../lib/gcc/pic32mx/4.5.2/../../../../pic32mx/lib/speed\libpic32.a(defaultinterrupt.o)
 .debug_line    0x000030e6       0x82 c:/program files (x86)/microchip/xc32/v1.21/bin/../lib/gcc/pic32mx/4.5.2/../../../../pic32mx/lib/speed\libc.a(ctypef.o)
 .debug_line    0x00003168       0x83 c:/program files (x86)/microchip/xc32/v1.21/bin/../lib/gcc/pic32mx/4.5.2/../../../../pic32mx/lib/speed\libc.a(strncpy.o)
 .debug_line    0x000031eb       0x83 c:/program files (x86)/microchip/xc32/v1.21/bin/../lib/gcc/pic32mx/4.5.2/../../../../pic32mx/lib/speed\libc.a(sprintf_cdnopuxX.eo)
 .debug_line    0x0000326e        0x0 c:/program files (x86)/microchip/xc32/v1.21/bin/../lib/gcc/pic32mx/4.5.2/../../../../pic32mx/lib/speed\libc.a(ctype.o)
 .debug_line    0x0000326e       0x82 c:/program files (x86)/microchip/xc32/v1.21/bin/../lib/gcc/pic32mx/4.5.2/../../../../pic32mx/lib/speed\libc.a(doprnt_cdnopuxX.eo)
 .debug_line    0x000032f0       0x81 c:/program files (x86)/microchip/xc32/v1.21/bin/../lib/gcc/pic32mx/4.5.2/../../../../pic32mx/lib/speed\libc.a(_fputc_simple.o)
 .debug_line    0x00003371        0x0 c:/program files (x86)/microchip/xc32/v1.21/bin/../lib/gcc/pic32mx/4.5.2/../../../../pic32mx/lib/speed\libc.a(_iob.o)
 .debug_line    0x00003371       0x82 c:/program files (x86)/microchip/xc32/v1.21/bin/../lib/gcc/pic32mx/4.5.2/../../../../pic32mx/lib/speed\libc.a(_flsbuf_simple.o)
 .debug_line    0x000033f3       0x7f c:/program files (x86)/microchip/xc32/v1.21/bin/../lib/gcc/pic32mx/4.5.2/../../../../pic32mx/lib/speed\libpic32.a(write.o)
 .debug_line    0x00003472       0x83 c:/program files (x86)/microchip/xc32/v1.21/bin/../lib/gcc/pic32mx/4.5.2/../../../../pic32mx/lib/speed\libpic32.a(_mon_putc.o)
 .debug_line    0x000034f5        0x0 c:/program files (x86)/microchip/xc32/v1.21/bin/../lib/gcc/pic32mx/4.5.2/../../../../pic32mx/lib/speed\libpic32.a(xc32_uart.o)
 .debug_line    0x000034f5      0x119 c:/program files (x86)/microchip/xc32/v1.21/bin/../lib/gcc/pic32mx/4.5.2/speed\libgcc.a(_udivdi3.o)
 .debug_line    0x0000360e      0x11f c:/program files (x86)/microchip/xc32/v1.21/bin/../lib/gcc/pic32mx/4.5.2/speed\libgcc.a(_umoddi3.o)

.debug_frame    0x00000000     0x24a0
 *(.debug_frame)
 .debug_frame   0x00000000       0x3c build/default/production/_ext/1472/led.o
 .debug_frame   0x0000003c       0xcc build/default/production/_ext/1472/main.o
 .debug_frame   0x00000108     0x173c build/default/production/_ext/1472/z80.o
 .debug_frame   0x00001844      0x6ec ..\libsdfsio.a(FSIO.o)
 .debug_frame   0x00001f30      0x1a0 ..\libsdfsio.a(SD-SPI.o)
 .debug_frame   0x000020d0       0x28 c:/program files (x86)/microchip/xc32/v1.21/bin/../lib/gcc/pic32mx/4.5.2/../../../../pic32mx/lib/speed\libmchp_peripheral_32MX150F128B.a(int_enable_mv_int_lib.o)
 .debug_frame   0x000020f8       0x28 c:/program files (x86)/microchip/xc32/v1.21/bin/../lib/gcc/pic32mx/4.5.2/../../../../pic32mx/lib/speed\libmchp_peripheral_32MX150F128B.a(int_enable_sv_int_lib.o)
 .debug_frame   0x00002120       0x20 c:/program files (x86)/microchip/xc32/v1.21/bin/../lib/gcc/pic32mx/4.5.2/../../../../pic32mx/lib/speed\libmchp_peripheral_32MX150F128B.a(spi_getc_spi2_lib_legacy.o)
 .debug_frame   0x00002140       0x20 c:/program files (x86)/microchip/xc32/v1.21/bin/../lib/gcc/pic32mx/4.5.2/../../../../pic32mx/lib/speed\libmchp_peripheral_32MX150F128B.a(spi_open_spi2_lib_legacy.o)
 .debug_frame   0x00002160       0x20 c:/program files (x86)/microchip/xc32/v1.21/bin/../lib/gcc/pic32mx/4.5.2/../../../../pic32mx/lib/speed\libmchp_peripheral_32MX150F128B.a(int_enable_interrupts_lib.o)
 .debug_frame   0x00002180       0x20 c:/program files (x86)/microchip/xc32/v1.21/bin/../lib/gcc/pic32mx/4.5.2/../../../../pic32mx/lib/speed\libpic32.a(default-bootstrap-exception-handler.o)
 .debug_frame   0x000021a0       0x20 c:/program files (x86)/microchip/xc32/v1.21/bin/../lib/gcc/pic32mx/4.5.2/../../../../pic32mx/lib/speed\libpic32.a(default-on-reset.o)
 .debug_frame   0x000021c0       0x20 c:/program files (x86)/microchip/xc32/v1.21/bin/../lib/gcc/pic32mx/4.5.2/../../../../pic32mx/lib/speed\libpic32.a(default-on-bootstrap.o)
 .debug_frame   0x000021e0       0x20 c:/program files (x86)/microchip/xc32/v1.21/bin/../lib/gcc/pic32mx/4.5.2/../../../../pic32mx/lib/speed\libpic32.a(default-general-exception-handler.o)
 .debug_frame   0x00002200       0x20 c:/program files (x86)/microchip/xc32/v1.21/bin/../lib/gcc/pic32mx/4.5.2/../../../../pic32mx/lib/speed\libpic32.a(defaultinterrupt.o)
 .debug_frame   0x00002220      0x120 c:/program files (x86)/microchip/xc32/v1.21/bin/../lib/gcc/pic32mx/4.5.2/../../../../pic32mx/lib/speed\libc.a(ctypef.o)
 .debug_frame   0x00002340       0x20 c:/program files (x86)/microchip/xc32/v1.21/bin/../lib/gcc/pic32mx/4.5.2/../../../../pic32mx/lib/speed\libc.a(strncpy.o)
 .debug_frame   0x00002360       0x2c c:/program files (x86)/microchip/xc32/v1.21/bin/../lib/gcc/pic32mx/4.5.2/../../../../pic32mx/lib/speed\libc.a(sprintf_cdnopuxX.eo)
 .debug_frame   0x0000238c       0x38 c:/program files (x86)/microchip/xc32/v1.21/bin/../lib/gcc/pic32mx/4.5.2/../../../../pic32mx/lib/speed\libc.a(doprnt_cdnopuxX.eo)
 .debug_frame   0x000023c4       0x2c c:/program files (x86)/microchip/xc32/v1.21/bin/../lib/gcc/pic32mx/4.5.2/../../../../pic32mx/lib/speed\libc.a(_fputc_simple.o)
 .debug_frame   0x000023f0       0x28 c:/program files (x86)/microchip/xc32/v1.21/bin/../lib/gcc/pic32mx/4.5.2/../../../../pic32mx/lib/speed\libc.a(_flsbuf_simple.o)
 .debug_frame   0x00002418       0x28 c:/program files (x86)/microchip/xc32/v1.21/bin/../lib/gcc/pic32mx/4.5.2/../../../../pic32mx/lib/speed\libpic32.a(write.o)
 .debug_frame   0x00002440       0x20 c:/program files (x86)/microchip/xc32/v1.21/bin/../lib/gcc/pic32mx/4.5.2/../../../../pic32mx/lib/speed\libpic32.a(_mon_putc.o)
 .debug_frame   0x00002460       0x20 c:/program files (x86)/microchip/xc32/v1.21/bin/../lib/gcc/pic32mx/4.5.2/speed\libgcc.a(_udivdi3.o)
 .debug_frame   0x00002480       0x20 c:/program files (x86)/microchip/xc32/v1.21/bin/../lib/gcc/pic32mx/4.5.2/speed\libgcc.a(_umoddi3.o)

.debug_str      0x00000000      0xa9c
 *(.debug_str)
 .debug_str     0x00000000      0x154 build/default/production/_ext/1472/led.o
 .debug_str     0x00000154      0x108 build/default/production/_ext/1472/main.o
 .debug_str     0x0000025c      0x10d build/default/production/_ext/1472/z80.o
 .debug_str     0x00000369      0x51e ..\libsdfsio.a(FSIO.o)
 .debug_str     0x00000887      0x215 ..\libsdfsio.a(SD-SPI.o)
 .debug_str     0x00000a9c        0x0 c:/program files (x86)/microchip/xc32/v1.21/bin/../lib/gcc/pic32mx/4.5.2/../../../../pic32mx/lib/speed\libmchp_peripheral_32MX150F128B.a(int_enable_mv_int_lib.o)
 .debug_str     0x00000a9c        0x0 c:/program files (x86)/microchip/xc32/v1.21/bin/../lib/gcc/pic32mx/4.5.2/../../../../pic32mx/lib/speed\libmchp_peripheral_32MX150F128B.a(int_enable_sv_int_lib.o)
 .debug_str     0x00000a9c        0x0 c:/program files (x86)/microchip/xc32/v1.21/bin/../lib/gcc/pic32mx/4.5.2/../../../../pic32mx/lib/speed\libmchp_peripheral_32MX150F128B.a(spi_getc_spi2_lib_legacy.o)
 .debug_str     0x00000a9c        0x0 c:/program files (x86)/microchip/xc32/v1.21/bin/../lib/gcc/pic32mx/4.5.2/../../../../pic32mx/lib/speed\libmchp_peripheral_32MX150F128B.a(spi_open_spi2_lib_legacy.o)
 .debug_str     0x00000a9c        0x0 c:/program files (x86)/microchip/xc32/v1.21/bin/../lib/gcc/pic32mx/4.5.2/../../../../pic32mx/lib/speed\libmchp_peripheral_32MX150F128B.a(spi_brg_tbl_lib_legacy.o)
 .debug_str     0x00000a9c        0x0 c:/program files (x86)/microchip/xc32/v1.21/bin/../lib/gcc/pic32mx/4.5.2/../../../../pic32mx/lib/speed\libmchp_peripheral_32MX150F128B.a(int_enable_interrupts_lib.o)
 .debug_str     0x00000a9c        0x0 c:/program files (x86)/microchip/xc32/v1.21/bin/../lib/gcc/pic32mx/4.5.2/../../../../pic32mx/lib/speed\libpic32.a(default-bootstrap-exception-handler.o)
 .debug_str     0x00000a9c        0x0 c:/program files (x86)/microchip/xc32/v1.21/bin/../lib/gcc/pic32mx/4.5.2/../../../../pic32mx/lib/speed\libpic32.a(default-on-reset.o)
 .debug_str     0x00000a9c        0x0 c:/program files (x86)/microchip/xc32/v1.21/bin/../lib/gcc/pic32mx/4.5.2/../../../../pic32mx/lib/speed\libpic32.a(default-on-bootstrap.o)
 .debug_str     0x00000a9c        0x0 c:/program files (x86)/microchip/xc32/v1.21/bin/../lib/gcc/pic32mx/4.5.2/../../../../pic32mx/lib/speed\libpic32.a(default-general-exception-handler.o)
 .debug_str     0x00000a9c        0x0 c:/program files (x86)/microchip/xc32/v1.21/bin/../lib/gcc/pic32mx/4.5.2/../../../../pic32mx/lib/speed\libpic32.a(defaultinterrupt.o)
 .debug_str     0x00000a9c        0x0 c:/program files (x86)/microchip/xc32/v1.21/bin/../lib/gcc/pic32mx/4.5.2/../../../../pic32mx/lib/speed\libc.a(ctypef.o)
 .debug_str     0x00000a9c        0x0 c:/program files (x86)/microchip/xc32/v1.21/bin/../lib/gcc/pic32mx/4.5.2/../../../../pic32mx/lib/speed\libc.a(strncpy.o)
 .debug_str     0x00000a9c        0x0 c:/program files (x86)/microchip/xc32/v1.21/bin/../lib/gcc/pic32mx/4.5.2/../../../../pic32mx/lib/speed\libc.a(sprintf_cdnopuxX.eo)
 .debug_str     0x00000a9c        0x0 c:/program files (x86)/microchip/xc32/v1.21/bin/../lib/gcc/pic32mx/4.5.2/../../../../pic32mx/lib/speed\libc.a(ctype.o)
 .debug_str     0x00000a9c        0x0 c:/program files (x86)/microchip/xc32/v1.21/bin/../lib/gcc/pic32mx/4.5.2/../../../../pic32mx/lib/speed\libc.a(doprnt_cdnopuxX.eo)
 .debug_str     0x00000a9c        0x0 c:/program files (x86)/microchip/xc32/v1.21/bin/../lib/gcc/pic32mx/4.5.2/../../../../pic32mx/lib/speed\libc.a(_fputc_simple.o)
 .debug_str     0x00000a9c        0x0 c:/program files (x86)/microchip/xc32/v1.21/bin/../lib/gcc/pic32mx/4.5.2/../../../../pic32mx/lib/speed\libc.a(_iob.o)
 .debug_str     0x00000a9c        0x0 c:/program files (x86)/microchip/xc32/v1.21/bin/../lib/gcc/pic32mx/4.5.2/../../../../pic32mx/lib/speed\libc.a(_flsbuf_simple.o)
 .debug_str     0x00000a9c        0x0 c:/program files (x86)/microchip/xc32/v1.21/bin/../lib/gcc/pic32mx/4.5.2/../../../../pic32mx/lib/speed\libpic32.a(write.o)
 .debug_str     0x00000a9c        0x0 c:/program files (x86)/microchip/xc32/v1.21/bin/../lib/gcc/pic32mx/4.5.2/../../../../pic32mx/lib/speed\libpic32.a(_mon_putc.o)
 .debug_str     0x00000a9c        0x0 c:/program files (x86)/microchip/xc32/v1.21/bin/../lib/gcc/pic32mx/4.5.2/../../../../pic32mx/lib/speed\libpic32.a(xc32_uart.o)
 .debug_str     0x00000a9c        0x0 c:/program files (x86)/microchip/xc32/v1.21/bin/../lib/gcc/pic32mx/4.5.2/speed\libgcc.a(_udivdi3.o)
 .debug_str     0x00000a9c        0x0 c:/program files (x86)/microchip/xc32/v1.21/bin/../lib/gcc/pic32mx/4.5.2/speed\libgcc.a(_umoddi3.o)

.debug_loc      0x00000000     0x733b
 *(.debug_loc)
 .debug_loc     0x00000000       0x71 build/default/production/_ext/1472/led.o
 .debug_loc     0x00000071      0x3be build/default/production/_ext/1472/main.o
 .debug_loc     0x0000042f     0x18e0 build/default/production/_ext/1472/z80.o
 .debug_loc     0x00001d0f     0x3d7e ..\libsdfsio.a(FSIO.o)
 .debug_loc     0x00005a8d      0x3d4 ..\libsdfsio.a(SD-SPI.o)
 .debug_loc     0x00005e61      0xa67 c:/program files (x86)/microchip/xc32/v1.21/bin/../lib/gcc/pic32mx/4.5.2/speed\libgcc.a(_udivdi3.o)
 .debug_loc     0x000068c8      0xa73 c:/program files (x86)/microchip/xc32/v1.21/bin/../lib/gcc/pic32mx/4.5.2/speed\libgcc.a(_umoddi3.o)

.debug_macinfo
 *(.debug_macinfo)

.debug_weaknames
 *(.debug_weaknames)

.debug_funcnames
 *(.debug_funcnames)

.debug_typenames
 *(.debug_typenames)

.debug_varnames
 *(.debug_varnames)

.debug_pubtypes
                0x00000000      0x7c6
 *(.debug_pubtypes)
 .debug_pubtypes
                0x00000000      0x126 build/default/production/_ext/1472/led.o
 .debug_pubtypes
                0x00000126      0x11e build/default/production/_ext/1472/main.o
 .debug_pubtypes
                0x00000244       0xbd build/default/production/_ext/1472/z80.o
 .debug_pubtypes
                0x00000301      0x22f ..\libsdfsio.a(FSIO.o)
 .debug_pubtypes
                0x00000530      0x1e4 ..\libsdfsio.a(SD-SPI.o)
 .debug_pubtypes
                0x00000714       0x59 c:/program files (x86)/microchip/xc32/v1.21/bin/../lib/gcc/pic32mx/4.5.2/speed\libgcc.a(_udivdi3.o)
 .debug_pubtypes
                0x0000076d       0x59 c:/program files (x86)/microchip/xc32/v1.21/bin/../lib/gcc/pic32mx/4.5.2/speed\libgcc.a(_umoddi3.o)

.debug_ranges   0x00000000      0x340
 *(.debug_ranges)
 .debug_ranges  0x00000000       0x18 ..\libsdfsio.a(SD-SPI.o)
 .debug_ranges  0x00000018       0x10 c:/program files (x86)/microchip/xc32/v1.21/bin/../lib/gcc/pic32mx/4.5.2/../../../../pic32mx/lib/speed\libmchp_peripheral_32MX150F128B.a(int_enable_mv_int_lib.o)
 .debug_ranges  0x00000028       0x10 c:/program files (x86)/microchip/xc32/v1.21/bin/../lib/gcc/pic32mx/4.5.2/../../../../pic32mx/lib/speed\libmchp_peripheral_32MX150F128B.a(int_enable_sv_int_lib.o)
 .debug_ranges  0x00000038       0x10 c:/program files (x86)/microchip/xc32/v1.21/bin/../lib/gcc/pic32mx/4.5.2/../../../../pic32mx/lib/speed\libmchp_peripheral_32MX150F128B.a(spi_getc_spi2_lib_legacy.o)
 .debug_ranges  0x00000048       0x10 c:/program files (x86)/microchip/xc32/v1.21/bin/../lib/gcc/pic32mx/4.5.2/../../../../pic32mx/lib/speed\libmchp_peripheral_32MX150F128B.a(spi_open_spi2_lib_legacy.o)
 .debug_ranges  0x00000058       0x10 c:/program files (x86)/microchip/xc32/v1.21/bin/../lib/gcc/pic32mx/4.5.2/../../../../pic32mx/lib/speed\libmchp_peripheral_32MX150F128B.a(int_enable_interrupts_lib.o)
 .debug_ranges  0x00000068       0x10 c:/program files (x86)/microchip/xc32/v1.21/bin/../lib/gcc/pic32mx/4.5.2/../../../../pic32mx/lib/speed\libpic32.a(default-bootstrap-exception-handler.o)
 .debug_ranges  0x00000078       0x10 c:/program files (x86)/microchip/xc32/v1.21/bin/../lib/gcc/pic32mx/4.5.2/../../../../pic32mx/lib/speed\libpic32.a(default-on-reset.o)
 .debug_ranges  0x00000088       0x10 c:/program files (x86)/microchip/xc32/v1.21/bin/../lib/gcc/pic32mx/4.5.2/../../../../pic32mx/lib/speed\libpic32.a(default-on-bootstrap.o)
 .debug_ranges  0x00000098       0x10 c:/program files (x86)/microchip/xc32/v1.21/bin/../lib/gcc/pic32mx/4.5.2/../../../../pic32mx/lib/speed\libpic32.a(default-general-exception-handler.o)
 .debug_ranges  0x000000a8       0x10 c:/program files (x86)/microchip/xc32/v1.21/bin/../lib/gcc/pic32mx/4.5.2/../../../../pic32mx/lib/speed\libpic32.a(defaultinterrupt.o)
 .debug_ranges  0x000000b8       0x90 c:/program files (x86)/microchip/xc32/v1.21/bin/../lib/gcc/pic32mx/4.5.2/../../../../pic32mx/lib/speed\libc.a(ctypef.o)
 .debug_ranges  0x00000148       0x10 c:/program files (x86)/microchip/xc32/v1.21/bin/../lib/gcc/pic32mx/4.5.2/../../../../pic32mx/lib/speed\libc.a(strncpy.o)
 .debug_ranges  0x00000158       0x10 c:/program files (x86)/microchip/xc32/v1.21/bin/../lib/gcc/pic32mx/4.5.2/../../../../pic32mx/lib/speed\libc.a(sprintf_cdnopuxX.eo)
 .debug_ranges  0x00000168       0x10 c:/program files (x86)/microchip/xc32/v1.21/bin/../lib/gcc/pic32mx/4.5.2/../../../../pic32mx/lib/speed\libc.a(doprnt_cdnopuxX.eo)
 .debug_ranges  0x00000178       0x10 c:/program files (x86)/microchip/xc32/v1.21/bin/../lib/gcc/pic32mx/4.5.2/../../../../pic32mx/lib/speed\libc.a(_fputc_simple.o)
 .debug_ranges  0x00000188       0x10 c:/program files (x86)/microchip/xc32/v1.21/bin/../lib/gcc/pic32mx/4.5.2/../../../../pic32mx/lib/speed\libc.a(_flsbuf_simple.o)
 .debug_ranges  0x00000198       0x10 c:/program files (x86)/microchip/xc32/v1.21/bin/../lib/gcc/pic32mx/4.5.2/../../../../pic32mx/lib/speed\libpic32.a(write.o)
 .debug_ranges  0x000001a8       0x10 c:/program files (x86)/microchip/xc32/v1.21/bin/../lib/gcc/pic32mx/4.5.2/../../../../pic32mx/lib/speed\libpic32.a(_mon_putc.o)
 .debug_ranges  0x000001b8       0xc0 c:/program files (x86)/microchip/xc32/v1.21/bin/../lib/gcc/pic32mx/4.5.2/speed\libgcc.a(_udivdi3.o)
 .debug_ranges  0x00000278       0xc8 c:/program files (x86)/microchip/xc32/v1.21/bin/../lib/gcc/pic32mx/4.5.2/speed\libgcc.a(_umoddi3.o)

.gnu.attributes
                0x00000000       0x10
 *(.gnu.attributes)
 .gnu.attributes
                0x00000000       0x10 build/default/production/_ext/1472/led.o
 .gnu.attributes
                0x00000010       0x10 build/default/production/_ext/1472/main.o
 .gnu.attributes
                0x00000020       0x10 build/default/production/_ext/1472/z80.o
 .gnu.attributes
                0x00000030       0x10 ..\libsdfsio.a(FSIO.o)
 .gnu.attributes
                0x00000040       0x10 ..\libsdfsio.a(SD-SPI.o)
 .gnu.attributes
                0x00000050       0x10 c:/program files (x86)/microchip/xc32/v1.21/bin/../lib/gcc/pic32mx/4.5.2/../../../../pic32mx/lib/speed\libmchp_peripheral_32MX150F128B.a(int_enable_mv_int_lib.o)
 .gnu.attributes
                0x00000060       0x10 c:/program files (x86)/microchip/xc32/v1.21/bin/../lib/gcc/pic32mx/4.5.2/../../../../pic32mx/lib/speed\libmchp_peripheral_32MX150F128B.a(int_enable_sv_int_lib.o)
 .gnu.attributes
                0x00000070       0x10 c:/program files (x86)/microchip/xc32/v1.21/bin/../lib/gcc/pic32mx/4.5.2/../../../../pic32mx/lib/speed\libmchp_peripheral_32MX150F128B.a(spi_getc_spi2_lib_legacy.o)
 .gnu.attributes
                0x00000080       0x10 c:/program files (x86)/microchip/xc32/v1.21/bin/../lib/gcc/pic32mx/4.5.2/../../../../pic32mx/lib/speed\libmchp_peripheral_32MX150F128B.a(spi_open_spi2_lib_legacy.o)
 .gnu.attributes
                0x00000090       0x10 c:/program files (x86)/microchip/xc32/v1.21/bin/../lib/gcc/pic32mx/4.5.2/../../../../pic32mx/lib/speed\libmchp_peripheral_32MX150F128B.a(spi_brg_tbl_lib_legacy.o)
 .gnu.attributes
                0x000000a0       0x10 c:/program files (x86)/microchip/xc32/v1.21/bin/../lib/gcc/pic32mx/4.5.2/../../../../pic32mx/lib/speed\libmchp_peripheral_32MX150F128B.a(int_enable_interrupts_lib.o)
 .gnu.attributes
                0x000000b0       0x10 c:/program files (x86)/microchip/xc32/v1.21/bin/../lib/gcc/pic32mx/4.5.2/../../../../pic32mx/lib/speed\libpic32.a(default-bootstrap-exception-handler.o)
 .gnu.attributes
                0x000000c0       0x10 c:/program files (x86)/microchip/xc32/v1.21/bin/../lib/gcc/pic32mx/4.5.2/../../../../pic32mx/lib/speed\libpic32.a(default-on-reset.o)
 .gnu.attributes
                0x000000d0       0x10 c:/program files (x86)/microchip/xc32/v1.21/bin/../lib/gcc/pic32mx/4.5.2/../../../../pic32mx/lib/speed\libpic32.a(default-on-bootstrap.o)
 .gnu.attributes
                0x000000e0       0x10 c:/program files (x86)/microchip/xc32/v1.21/bin/../lib/gcc/pic32mx/4.5.2/../../../../pic32mx/lib/speed\libpic32.a(default-general-exception-handler.o)
 .gnu.attributes
                0x000000f0       0x10 c:/program files (x86)/microchip/xc32/v1.21/bin/../lib/gcc/pic32mx/4.5.2/../../../../pic32mx/lib/speed\libpic32.a(defaultinterrupt.o)
 .gnu.attributes
                0x00000100       0x10 c:/program files (x86)/microchip/xc32/v1.21/bin/../lib/gcc/pic32mx/4.5.2/../../../../pic32mx/lib/speed\libc.a(ctypef.o)
 .gnu.attributes
                0x00000110       0x10 c:/program files (x86)/microchip/xc32/v1.21/bin/../lib/gcc/pic32mx/4.5.2/../../../../pic32mx/lib/speed\libc.a(strncpy.o)
 .gnu.attributes
                0x00000120       0x10 c:/program files (x86)/microchip/xc32/v1.21/bin/../lib/gcc/pic32mx/4.5.2/../../../../pic32mx/lib/speed\libc.a(sprintf_cdnopuxX.eo)
 .gnu.attributes
                0x00000130       0x10 c:/program files (x86)/microchip/xc32/v1.21/bin/../lib/gcc/pic32mx/4.5.2/../../../../pic32mx/lib/speed\libc.a(ctype.o)
 .gnu.attributes
                0x00000140       0x10 c:/program files (x86)/microchip/xc32/v1.21/bin/../lib/gcc/pic32mx/4.5.2/../../../../pic32mx/lib/speed\libc.a(doprnt_cdnopuxX.eo)
 .gnu.attributes
                0x00000150       0x10 c:/program files (x86)/microchip/xc32/v1.21/bin/../lib/gcc/pic32mx/4.5.2/../../../../pic32mx/lib/speed\libc.a(_fputc_simple.o)
 .gnu.attributes
                0x00000160       0x10 c:/program files (x86)/microchip/xc32/v1.21/bin/../lib/gcc/pic32mx/4.5.2/../../../../pic32mx/lib/speed\libc.a(_iob.o)
 .gnu.attributes
                0x00000170       0x10 c:/program files (x86)/microchip/xc32/v1.21/bin/../lib/gcc/pic32mx/4.5.2/../../../../pic32mx/lib/speed\libc.a(_flsbuf_simple.o)
 .gnu.attributes